Archive member included to satisfy reference by file (symbol)

D:/SEGGER/lib/libc_v7em_fpv4_sp_d16_hard_t_le_eabi.a(libc_asm.o)
                              Output/spis_pca10056 Release/Obj/bsp.o (__aeabi_uldivmod)
D:/SEGGER/lib/libc_v7em_fpv4_sp_d16_hard_t_le_eabi.a(libc2.o)
                              Output/spis_pca10056 Release/Obj/nrf_log_str_formatter.o (isprint)
D:/SEGGER/lib/libc_v7em_fpv4_sp_d16_hard_t_le_eabi.a(libc2_asm.o)
                              Output/spis_pca10056 Release/Obj/nrf_log_frontend.o (memcpy)
D:/SEGGER/lib/libc_v7em_fpv4_sp_d16_hard_t_le_eabi.a(libc.o)
                              D:/SEGGER/lib/libc_v7em_fpv4_sp_d16_hard_t_le_eabi.a(libc2.o) (__heap_lock)
D:/SEGGER/lib/libdebugio_v7em_fpv4_sp_d16_hard_t_le_eabi.a(libdebugio.o)
                              Output/spis_pca10056 Release/Obj/thumb_crt0.o (debug_fopen)
D:/SEGGER/lib/libdebugio_mempoll_v7em_fpv4_sp_d16_hard_t_le_eabi.a(mempoll_debug_operations.o)
                              D:/SEGGER/lib/libdebugio_v7em_fpv4_sp_d16_hard_t_le_eabi.a(libdebugio.o) (__do_debug_operation)
D:/SEGGER/lib/libdebugio_mempoll_v7em_fpv4_sp_d16_hard_t_le_eabi.a(do_nv_debug_operation.o)
                              D:/SEGGER/lib/libdebugio_v7em_fpv4_sp_d16_hard_t_le_eabi.a(libdebugio.o) (__do_nvdebug_operation)
D:/SEGGER/lib/libm_v7em_fpv4_sp_d16_hard_t_le_eabi.a(libm_asm.o)
                              D:/SEGGER/lib/libc_v7em_fpv4_sp_d16_hard_t_le_eabi.a(libc2.o) (__aeabi_i2d)
D:/SEGGER/lib/libm_v7em_fpv4_sp_d16_hard_t_le_eabi.a(libm2.o)
                              D:/SEGGER/lib/libvfprintf_v7em_fpv4_sp_d16_hard_t_le_eabi.o (frexp)
D:/SEGGER/lib/libm_v7em_fpv4_sp_d16_hard_t_le_eabi.a(libm2_asm.o)
                              D:/SEGGER/lib/libm_v7em_fpv4_sp_d16_hard_t_le_eabi.a(libm2.o) (fabs)

Discarded input sections

 .text          0x0000000000000000        0x0 Output/spis_pca10056 Release/Obj/thumb_crt0.o
 .data          0x0000000000000000        0x0 Output/spis_pca10056 Release/Obj/thumb_crt0.o
 .bss           0x0000000000000000        0x0 Output/spis_pca10056 Release/Obj/thumb_crt0.o
 .text.__aeabi_read_tp
                0x0000000000000000        0x8 Output/spis_pca10056 Release/Obj/thumb_crt0.o
 .text.abort    0x0000000000000000        0x2 Output/spis_pca10056 Release/Obj/thumb_crt0.o
 .text.__assert
                0x0000000000000000        0x2 Output/spis_pca10056 Release/Obj/thumb_crt0.o
 .text.__aeabi_assert
                0x0000000000000000        0x2 Output/spis_pca10056 Release/Obj/thumb_crt0.o
 .text.__sync_synchronize
                0x0000000000000000        0x2 Output/spis_pca10056 Release/Obj/thumb_crt0.o
 .text.__getchar
                0x0000000000000000        0x4 Output/spis_pca10056 Release/Obj/thumb_crt0.o
 .text.__putchar
                0x0000000000000000        0x4 Output/spis_pca10056 Release/Obj/thumb_crt0.o
 .text.__open   0x0000000000000000        0x4 Output/spis_pca10056 Release/Obj/thumb_crt0.o
 .text.__close  0x0000000000000000        0x4 Output/spis_pca10056 Release/Obj/thumb_crt0.o
 .text.__write  0x0000000000000000        0xa Output/spis_pca10056 Release/Obj/thumb_crt0.o
 .text.__read   0x0000000000000000        0xa Output/spis_pca10056 Release/Obj/thumb_crt0.o
 .text.__seek   0x0000000000000000       0x1a Output/spis_pca10056 Release/Obj/thumb_crt0.o
 .bss.__user_locale_name_buffer
                0x0000000000000000        0x4 Output/spis_pca10056 Release/Obj/thumb_crt0.o
 .stack         0x0000000000000000        0x0 Output/spis_pca10056 Release/Obj/thumb_crt0.o
 .stack_process
                0x0000000000000000        0x0 Output/spis_pca10056 Release/Obj/thumb_crt0.o
 .heap          0x0000000000000000        0x0 Output/spis_pca10056 Release/Obj/thumb_crt0.o
 .group         0x0000000000000000        0xc Output/spis_pca10056 Release/Obj/nrf_log_backend_rtt.o
 .group         0x0000000000000000        0xc Output/spis_pca10056 Release/Obj/nrf_log_backend_rtt.o
 .group         0x0000000000000000        0xc Output/spis_pca10056 Release/Obj/nrf_log_backend_rtt.o
 .group         0x0000000000000000        0xc Output/spis_pca10056 Release/Obj/nrf_log_backend_rtt.o
 .group         0x0000000000000000        0xc Output/spis_pca10056 Release/Obj/nrf_log_backend_rtt.o
 .group         0x0000000000000000        0xc Output/spis_pca10056 Release/Obj/nrf_log_backend_rtt.o
 .group         0x0000000000000000        0xc Output/spis_pca10056 Release/Obj/nrf_log_backend_rtt.o
 .group         0x0000000000000000        0xc Output/spis_pca10056 Release/Obj/nrf_log_backend_rtt.o
 .group         0x0000000000000000        0xc Output/spis_pca10056 Release/Obj/nrf_log_backend_rtt.o
 .group         0x0000000000000000        0xc Output/spis_pca10056 Release/Obj/nrf_log_backend_rtt.o
 .group         0x0000000000000000        0xc Output/spis_pca10056 Release/Obj/nrf_log_backend_rtt.o
 .group         0x0000000000000000        0xc Output/spis_pca10056 Release/Obj/nrf_log_backend_rtt.o
[...]
Memory Configuration

Name             Origin             Length             Attributes
UNPLACED_SECTIONS 0x0000000100000000 0x0000000000000000 xw
RAM              0x0000000020000000 0x0000000000040000 xw
FLASH            0x0000000000000000 0x0000000000100000 xw
*default*        0x0000000000000000 0xffffffffffffffff

Linker script and memory map

                0x0000000000000000                __vfprintf = __vfprintf_long
                0x0000000000000000                __vfscanf = __vfscanf_int
                0x0000000020000000                __RAM_segment_start__ = 0x20000000
                0x0000000020040000                __RAM_segment_end__ = 0x20040000
                0x0000000000040000                __RAM_segment_size__ = 0x40000
                0x0000000000000000                __FLASH_segment_start__ = 0x0
                0x0000000000100000                __FLASH_segment_end__ = 0x100000
                0x0000000000100000                __FLASH_segment_size__ = 0x100000
                0x0000000000002000                __HEAPSIZE__ = 0x2000
                0x0000000000000000                __STACKSIZE_PROCESS__ = 0x0
                0x0000000000002000                __STACKSIZE__ = 0x2000
                0x0000000020000000                __vectors_ram_load_start__ = 0x20000000

.vectors_ram    0x0000000020000000        0x0
                0x0000000020000000                __vectors_ram_start__ = .
                0x0000000020000000                __app_ram_start__ = __vectors_ram_start__
 *(.vectors_ram .vectors_ram.*)
                0x0000000020000000                __vectors_ram_end__ = (__vectors_ram_start__ + SIZEOF (.vectors_ram))
                0x0000000000000000                __vectors_ram_size__ = SIZEOF (.vectors_ram)
                0x0000000020000000                __vectors_ram_load_end__ = __vectors_ram_end__
                0x0000000000000001                . = ASSERT (((__vectors_ram_start__ == __vectors_ram_end__) || ((__vectors_ram_end__ - __RAM_segment_start__) <= __RAM_segment_size__)), error: .vectors_ram is too large to fit in RAM memory segment)
                0x0000000020000000                __nrf_sections_run_load_start__ = ALIGN (__vectors_ram_end__, 0x4)

.nrf_sections_run
                0x0000000020000000        0x0
                0x0000000020000000                __nrf_sections_run_start__ = .
                0x0000000020000000                __start_nrf_sections_run = __nrf_sections_run_start__
 *(.nrf_sections_run .nrf_sections_run.*)
                0x0000000020000000                __nrf_sections_run_end__ = (__nrf_sections_run_start__ + SIZEOF (.nrf_sections_run))
                0x0000000000000000                __nrf_sections_run_size__ = SIZEOF (.nrf_sections_run)
                0x0000000020000000                __nrf_sections_run_load_end__ = __nrf_sections_run_end__
                0x0000000000000001                . = ASSERT (((__nrf_sections_run_start__ == __nrf_sections_run_end__) || ((__nrf_sections_run_end__ - __RAM_segment_start__) <= __RAM_segment_size__)), error: .nrf_sections_run is too large to fit in RAM memory segment)
                0x0000000000000000                __vectors_load_start__ = 0x0

.vectors        0x0000000000000000      0x200
                0x0000000000000000                __vectors_start__ = .
 *(.vectors .vectors.*)
 .vectors       0x0000000000000000      0x200 Output/spis_pca10056 Release/Obj/ses_startup_nrf52840.o
                0x0000000000000000                _vectors
                0x0000000000000200                __vectors_end__ = (__vectors_start__ + SIZEOF (.vectors))
                0x0000000000000200                __vectors_size__ = SIZEOF (.vectors)
                0x0000000000000200                __vectors_load_end__ = __vectors_end__
                0x0000000000000001                . = ASSERT (((__vectors_start__ == __vectors_end__) || ((__vectors_end__ - __FLASH_segment_start__) <= __FLASH_segment_size__)), error: .vectors is too large to fit in FLASH memory segment)
                0x0000000000000200                __init_load_start__ = ALIGN (__vectors_end__, 0x4)

.init           0x0000000000000200      0x1d4
                0x0000000000000200                __init_start__ = .
 *(.init .init.*)
 .init          0x0000000000000200      0x15c Output/spis_pca10056 Release/Obj/thumb_crt0.o
                0x0000000000000200                _start
                0x00000000000002b4                exit
 .init          0x000000000000035c       0x18 Output/spis_pca10056 Release/Obj/ses_startup_nrf52840.o
                0x000000000000035c                NMI_Handler
                0x000000000000035e                HardFault_Handler
                0x0000000000000360                MemoryManagement_Handler
                0x0000000000000362                BusFault_Handler
                0x0000000000000364                UsageFault_Handler
                0x0000000000000366                SVC_Handler
                0x0000000000000368                DebugMon_Handler
                0x000000000000036a                PendSV_Handler
                0x000000000000036c                SysTick_Handler
                0x000000000000036e                RTC0_IRQHandler
                0x000000000000036e                POWER_CLOCK_IRQHandler
                0x000000000000036e                RADIO_IRQHandler
                0x000000000000036e                PDM_IRQHandler
                0x000000000000036e                TEMP_IRQHandler
                0x000000000000036e                PWM1_IRQHandler
                0x000000000000036e                TIMER3_IRQHandler
                0x000000000000036e                PWM3_IRQHandler
                0x000000000000036e                FPU_IRQHandler
                0x000000000000036e                USBD_IRQHandler
                0x000000000000036e                SPIM0_SPIS0_TWIM0_TWIS0_SPI0_TWI0_IRQHandler
                0x000000000000036e                SWI2_EGU2_IRQHandler
                0x000000000000036e                TIMER4_IRQHandler
                0x000000000000036e                QDEC_IRQHandler
                0x000000000000036e                I2S_IRQHandler
                0x000000000000036e                SWI4_EGU4_IRQHandler
                0x000000000000036e                TIMER0_IRQHandler
                0x000000000000036e                UARTE1_IRQHandler
                0x000000000000036e                Dummy_Handler
                0x000000000000036e                TIMER1_IRQHandler
                0x000000000000036e                SPIM3_IRQHandler
                0x000000000000036e                PWM2_IRQHandler
                0x000000000000036e                ECB_IRQHandler
                0x000000000000036e                SAADC_IRQHandler
                0x000000000000036e                CCM_AAR_IRQHandler
                0x000000000000036e                WDT_IRQHandler
                0x000000000000036e                QSPI_IRQHandler
                0x000000000000036e                SWI5_EGU5_IRQHandler
                0x000000000000036e                RNG_IRQHandler
                0x000000000000036e                RTC2_IRQHandler
                0x000000000000036e                PWM0_IRQHandler
                0x000000000000036e                SWI3_EGU3_IRQHandler
                0x000000000000036e                SWI1_EGU1_IRQHandler
                0x000000000000036e                SPIM2_SPIS2_SPI2_IRQHandler
                0x000000000000036e                NFCT_IRQHandler
                0x000000000000036e                CRYPTOCELL_IRQHandler
                0x000000000000036e                MWU_IRQHandler
                0x000000000000036e                TIMER2_IRQHandler
                0x000000000000036e                COMP_LPCOMP_IRQHandler
                0x0000000000000370                nRFInitialize
 .init          0x0000000000000374       0x60 Output/spis_pca10056 Release/Obj/ses_startup_nrf_common.o
                0x0000000000000374                Reset_Handler
                0x000000000000039c                InitializeUserMemorySections
                0x00000000000003d4                __init_end__ = (__init_start__ + SIZEOF (.init))
                0x00000000000001d4                __init_size__ = SIZEOF (.init)
                0x00000000000003d4                __init_load_end__ = __init_end__
                0x0000000000000001                . = ASSERT (((__init_start__ == __init_end__) || ((__init_end__ - __FLASH_segment_start__) <= __FLASH_segment_size__)), error: .init is too large to fit in FLASH memory segment)
                0x00000000000003d4                __init_rodata_load_start__ = ALIGN (__init_end__, 0x4)

.init_rodata    0x00000000000003d4        0x0
                0x00000000000003d4                __init_rodata_start__ = .
 *(.init_rodata .init_rodata.*)
                0x00000000000003d4                __init_rodata_end__ = (__init_rodata_start__ + SIZEOF (.init_rodata))
                0x0000000000000000                __init_rodata_size__ = SIZEOF (.init_rodata)
                0x00000000000003d4                __init_rodata_load_end__ = __init_rodata_end__
                0x0000000000000001                . = ASSERT (((__init_rodata_start__ == __init_rodata_end__) || ((__init_rodata_end__ - __FLASH_segment_start__) <= __FLASH_segment_size__)), error: .init_rodata is too large to fit in FLASH memory segment)
                0x00000000000003d4                __text_load_start__ = ALIGN (__init_rodata_end__, 0x4)

.text           0x00000000000003d4     0x28ce
                0x00000000000003d4                __text_start__ = .
 *(.text .text.* .glue_7t .glue_7 .gnu.linkonce.t.* .gcc_except_table .ARM.extab* .gnu.linkonce.armextab.*)
 .glue_7        0x00000000000003d4        0x0 linker stubs
 .glue_7t       0x00000000000003d4        0x0 linker stubs
 .text.nrf_log_backend_serial_put
                0x00000000000003d4       0xc0 Output/spis_pca10056 Release/Obj/nrf_log_backend_serial.o
                0x00000000000003d4                nrf_log_backend_serial_put
 .text.uart_evt_handler
                0x0000000000000494        0xc Output/spis_pca10056 Release/Obj/nrf_log_backend_uart.o
 .text.nrf_log_backend_uart_flush
                0x00000000000004a0        0x2 Output/spis_pca10056 Release/Obj/nrf_log_backend_uart.o
 *fill*         0x00000000000004a2        0x2 
 .text.uart_init
                0x00000000000004a4       0x4c Output/spis_pca10056 Release/Obj/nrf_log_backend_uart.o
 .text.nrf_log_backend_uart_put
                0x00000000000004f0       0x1c Output/spis_pca10056 Release/Obj/nrf_log_backend_uart.o
 .text.serial_tx
                0x000000000000050c       0x48 Output/spis_pca10056 Release/Obj/nrf_log_backend_uart.o
 .text.nrf_log_backend_uart_panic_set
                0x0000000000000554       0x2c Output/spis_pca10056 Release/Obj/nrf_log_backend_uart.o
 .text.nrf_log_backend_uart_init
                0x0000000000000580        0x6 Output/spis_pca10056 Release/Obj/nrf_log_backend_uart.o
                0x0000000000000580                nrf_log_backend_uart_init
 *fill*         0x0000000000000586        0x2 
 .text.nrf_log_default_backends_init
                0x0000000000000588       0x20 Output/spis_pca10056 Release/Obj/nrf_log_default_backends.o
                0x0000000000000588                nrf_log_default_backends_init
 .text.invalid_packets_omit
                0x00000000000005a8       0x3a Output/spis_pca10056 Release/Obj/nrf_log_frontend.o
 *fill*         0x00000000000005e2        0x2 
 .text.buf_prealloc
                0x00000000000005e4      0x130 Output/spis_pca10056 Release/Obj/nrf_log_frontend.o
 .text.nrf_log_init
                0x0000000000000714       0x3c Output/spis_pca10056 Release/Obj/nrf_log_frontend.o
                0x0000000000000714                nrf_log_init
 .text.nrf_log_module_name_get
                0x0000000000000750       0x38 Output/spis_pca10056 Release/Obj/nrf_log_frontend.o
                0x0000000000000750                nrf_log_module_name_get
 .text.nrf_log_color_id_get
                0x0000000000000788       0x2c Output/spis_pca10056 Release/Obj/nrf_log_frontend.o
                0x0000000000000788                nrf_log_color_id_get
 .text.buffer_is_empty
                0x00000000000007b4       0x14 Output/spis_pca10056 Release/Obj/nrf_log_frontend.o
                0x00000000000007b4                buffer_is_empty
 .text.nrf_log_frontend_dequeue
                0x00000000000007c8      0x21c Output/spis_pca10056 Release/Obj/nrf_log_frontend.o
                0x00000000000007c8                nrf_log_frontend_dequeue
 .text.std_n    0x00000000000009e4       0xb0 Output/spis_pca10056 Release/Obj/nrf_log_frontend.o
 .text.nrf_log_frontend_std_0
                0x0000000000000a94        0x8 Output/spis_pca10056 Release/Obj/nrf_log_frontend.o
                0x0000000000000a94                nrf_log_frontend_std_0
 .text.nrf_log_frontend_std_1
                0x0000000000000a9c       0x12 Output/spis_pca10056 Release/Obj/nrf_log_frontend.o
                0x0000000000000a9c                nrf_log_frontend_std_1
 *fill*         0x0000000000000aae        0x2 
 .text.nrf_log_backend_add
                0x0000000000000ab0       0x44 Output/spis_pca10056 Release/Obj/nrf_log_frontend.o
                0x0000000000000ab0                nrf_log_backend_add
 .text.nrf_log_panic
                0x0000000000000af4       0x2c Output/spis_pca10056 Release/Obj/nrf_log_frontend.o
                0x0000000000000af4                nrf_log_panic
 .text.postfix_process
                0x0000000000000b20       0x3c Output/spis_pca10056 Release/Obj/nrf_log_str_formatter.o
 .text.prefix_process
                0x0000000000000b5c       0x78 Output/spis_pca10056 Release/Obj/nrf_log_str_formatter.o
 .text.nrf_log_std_entry_process
                0x0000000000000bd4       0xc8 Output/spis_pca10056 Release/Obj/nrf_log_str_formatter.o
                0x0000000000000bd4                nrf_log_std_entry_process
 .text.nrf_log_hexdump_entry_process
                0x0000000000000c9c       0xac Output/spis_pca10056 Release/Obj/nrf_log_str_formatter.o
                0x0000000000000c9c                nrf_log_hexdump_entry_process
 .text.bsp_board_led_off
                0x0000000000000d48       0x28 Output/spis_pca10056 Release/Obj/boards.o
                0x0000000000000d48                bsp_board_led_off
 .text.bsp_board_leds_off
                0x0000000000000d70       0x1e Output/spis_pca10056 Release/Obj/boards.o
                0x0000000000000d70                bsp_board_leds_off
 *fill*         0x0000000000000d8e        0x2 
 .text.bsp_board_led_invert
                0x0000000000000d90       0x34 Output/spis_pca10056 Release/Obj/boards.o
                0x0000000000000d90                bsp_board_led_invert
 .text.bsp_board_init
                0x0000000000000dc4       0x3e Output/spis_pca10056 Release/Obj/boards.o
                0x0000000000000dc4                bsp_board_init
 .text.app_error_handler_bare
                0x0000000000000e02       0x1a Output/spis_pca10056 Release/Obj/app_error.o
                0x0000000000000e02                app_error_handler_bare
 .text.app_error_fault_handler
                0x0000000000000e1c       0x70 Output/spis_pca10056 Release/Obj/app_error_weak.o
                0x0000000000000e1c                app_error_fault_handler
 .text.nrfx_coredep_delay_us.part.0.constprop.4
                0x0000000000000e8c       0x10 Output/spis_pca10056 Release/Obj/app_timer.o
 .text.rtc1_stop
                0x0000000000000e9c       0x44 Output/spis_pca10056 Release/Obj/app_timer.o
 .text.RTC1_IRQHandler
                0x0000000000000ee0       0x9c Output/spis_pca10056 Release/Obj/app_timer.o
                0x0000000000000ee0                RTC1_IRQHandler
 .text.SWI0_EGU0_IRQHandler
                0x0000000000000f7c      0x2b4 Output/spis_pca10056 Release/Obj/app_timer.o
                0x0000000000000f7c                SWI0_EGU0_IRQHandler
 .text.app_util_disable_irq
                0x0000000000001230       0x10 Output/spis_pca10056 Release/Obj/app_util_platform.o
                0x0000000000001230                app_util_disable_irq
 .text.app_util_enable_irq
                0x0000000000001240       0x14 Output/spis_pca10056 Release/Obj/app_util_platform.o
                0x0000000000001240                app_util_enable_irq
 .text.app_util_critical_region_enter
                0x0000000000001254        0x4 Output/spis_pca10056 Release/Obj/app_util_platform.o
                0x0000000000001254                app_util_critical_region_enter
 .text.app_util_critical_region_exit
                0x0000000000001258        0x4 Output/spis_pca10056 Release/Obj/app_util_platform.o
                0x0000000000001258                app_util_critical_region_exit
 .text.nrf_atomic_u32_fetch_store
                0x000000000000125c       0x14 Output/spis_pca10056 Release/Obj/nrf_atomic.o
                0x000000000000125c                nrf_atomic_u32_fetch_store
 .text.nrf_atomic_u32_or
                0x0000000000001270       0x16 Output/spis_pca10056 Release/Obj/nrf_atomic.o
                0x0000000000001270                nrf_atomic_u32_or
 .text.nrf_atomic_u32_fetch_and
                0x0000000000001286       0x16 Output/spis_pca10056 Release/Obj/nrf_atomic.o
                0x0000000000001286                nrf_atomic_u32_fetch_and
 .text.nrf_atomic_u32_add
                0x000000000000129c       0x16 Output/spis_pca10056 Release/Obj/nrf_atomic.o
                0x000000000000129c                nrf_atomic_u32_add
 .text.nrf_atomic_u32_sub
                0x00000000000012b2       0x16 Output/spis_pca10056 Release/Obj/nrf_atomic.o
                0x00000000000012b2                nrf_atomic_u32_sub
 .text.nrf_atomic_flag_set
                0x00000000000012c8        0x6 Output/spis_pca10056 Release/Obj/nrf_atomic.o
                0x00000000000012c8                nrf_atomic_flag_set
 .text.nrf_atomic_flag_clear_fetch
                0x00000000000012ce        0x6 Output/spis_pca10056 Release/Obj/nrf_atomic.o
                0x00000000000012ce                nrf_atomic_flag_clear_fetch
 .text.nrf_balloc_init
                0x00000000000012d4       0x2e Output/spis_pca10056 Release/Obj/nrf_balloc.o
                0x00000000000012d4                nrf_balloc_init
 .text.nrf_balloc_alloc
                0x0000000000001302       0x40 Output/spis_pca10056 Release/Obj/nrf_balloc.o
                0x0000000000001302                nrf_balloc_alloc
 .text.nrf_balloc_free
                0x0000000000001342       0x2a Output/spis_pca10056 Release/Obj/nrf_balloc.o
                0x0000000000001342                nrf_balloc_free
 .text.nrf_fprintf_buffer_flush
                0x000000000000136c       0x16 Output/spis_pca10056 Release/Obj/nrf_fprintf.o
                0x000000000000136c                nrf_fprintf_buffer_flush
 .text.nrf_fprintf
                0x0000000000001382       0x1c Output/spis_pca10056 Release/Obj/nrf_fprintf.o
                0x0000000000001382                nrf_fprintf
 .text.buffer_add
                0x000000000000139e       0x1e Output/spis_pca10056 Release/Obj/nrf_fprintf_format.o
 .text.unsigned_print
                0x00000000000013bc       0xb0 Output/spis_pca10056 Release/Obj/nrf_fprintf_format.o
 .text.nrf_fprintf_fmt
                0x000000000000146c      0x278 Output/spis_pca10056 Release/Obj/nrf_fprintf_format.o
                0x000000000000146c                nrf_fprintf_fmt
 .text.memobj_op
                0x00000000000016e4       0x82 Output/spis_pca10056 Release/Obj/nrf_memobj.o
 .text.nrf_memobj_pool_init
                0x0000000000001766        0x4 Output/spis_pca10056 Release/Obj/nrf_memobj.o
                0x0000000000001766                nrf_memobj_pool_init
 .text.nrf_memobj_free
                0x000000000000176a       0x2c Output/spis_pca10056 Release/Obj/nrf_memobj.o
                0x000000000000176a                nrf_memobj_free
 .text.nrf_memobj_alloc
                0x0000000000001796       0x5e Output/spis_pca10056 Release/Obj/nrf_memobj.o
                0x0000000000001796                nrf_memobj_alloc
 .text.nrf_memobj_get
                0x00000000000017f4        0x8 Output/spis_pca10056 Release/Obj/nrf_memobj.o
                0x00000000000017f4                nrf_memobj_get
 .text.nrf_memobj_put
                0x00000000000017fc       0x1e Output/spis_pca10056 Release/Obj/nrf_memobj.o
                0x00000000000017fc                nrf_memobj_put
 .text.nrf_memobj_write
                0x000000000000181a       0x14 Output/spis_pca10056 Release/Obj/nrf_memobj.o
                0x000000000000181a                nrf_memobj_write
 .text.nrf_memobj_read
                0x000000000000182e       0x14 Output/spis_pca10056 Release/Obj/nrf_memobj.o
                0x000000000000182e                nrf_memobj_read
 .text.nrf_ringbuf_init
                0x0000000000001842       0x12 Output/spis_pca10056 Release/Obj/nrf_ringbuf.o
                0x0000000000001842                nrf_ringbuf_init
 .text.spis_event_handler
                0x0000000000001854       0x10 Output/spis_pca10056 Release/Obj/nrf_drv_spis.o
 .text.nrf_drv_spis_init
                0x0000000000001864       0x1c Output/spis_pca10056 Release/Obj/nrf_drv_spis.o
                0x0000000000001864                nrf_drv_spis_init
 .text.uarte_evt_handler
                0x0000000000001880       0x34 Output/spis_pca10056 Release/Obj/nrf_drv_uart.o
 .text.uart_evt_handler
                0x00000000000018b4       0x34 Output/spis_pca10056 Release/Obj/nrf_drv_uart.o
 .text.nrf_drv_uart_init
                0x00000000000018e8       0x7c Output/spis_pca10056 Release/Obj/nrf_drv_uart.o
                0x00000000000018e8                nrf_drv_uart_init
 .text.nrf_gpiote_event_clear
                0x0000000000001964       0x18 Output/spis_pca10056 Release/Obj/nrfx_gpiote.o
 .text.nrf_gpio_pin_port_decode
                0x000000000000197c       0x18 Output/spis_pca10056 Release/Obj/nrfx_gpiote.o
 .text.nrf_gpio_cfg_sense_set
                0x0000000000001994       0x2e Output/spis_pca10056 Release/Obj/nrfx_gpiote.o
 *fill*         0x00000000000019c2        0x2 
 .text.GPIOTE_IRQHandler
                0x00000000000019c4      0x1ac Output/spis_pca10056 Release/Obj/nrfx_gpiote.o
                0x00000000000019c4                GPIOTE_IRQHandler
 .text.UARTE0_UART0_IRQHandler
                0x0000000000001b70        0xc Output/spis_pca10056 Release/Obj/nrfx_prs.o
                0x0000000000001b70                UARTE0_UART0_IRQHandler
 .text.nrfx_prs_acquire
                0x0000000000001b7c       0x38 Output/spis_pca10056 Release/Obj/nrfx_prs.o
                0x0000000000001b7c                nrfx_prs_acquire
 .text.nrfx_prs_release
                0x0000000000001bb4       0x18 Output/spis_pca10056 Release/Obj/nrfx_prs.o
                0x0000000000001bb4                nrfx_prs_release
 .text.spis_state_entry_action_execute
                0x0000000000001bcc       0x40 Output/spis_pca10056 Release/Obj/nrfx_spis.o
 .text.SPIM1_SPIS1_TWIM1_TWIS1_SPI1_TWI1_IRQHandler
                0x0000000000001c0c       0x80 Output/spis_pca10056 Release/Obj/nrfx_spis.o
                0x0000000000001c0c                SPIM1_SPIS1_TWIM1_TWIS1_SPI1_TWI1_IRQHandler
 .text.nrfx_spis_init
                0x0000000000001c8c      0x1f0 Output/spis_pca10056 Release/Obj/nrfx_spis.o
                0x0000000000001c8c                nrfx_spis_init
 .text.nrfx_spis_buffers_set
                0x0000000000001e7c       0x68 Output/spis_pca10056 Release/Obj/nrfx_spis.o
                0x0000000000001e7c                nrfx_spis_buffers_set
 .text.nrf_uart_event_clear
                0x0000000000001ee4       0x10 Output/spis_pca10056 Release/Obj/nrfx_uart.o
 .text.tx_byte  0x0000000000001ef4       0x1e Output/spis_pca10056 Release/Obj/nrfx_uart.o
 .text.rx_byte  0x0000000000001f12       0x2c Output/spis_pca10056 Release/Obj/nrfx_uart.o
 *fill*         0x0000000000001f3e        0x2 
 .text.rx_done_event.constprop.7
                0x0000000000001f40       0x20 Output/spis_pca10056 Release/Obj/nrfx_uart.o
 .text.nrfx_uart_0_irq_handler
                0x0000000000001f60      0x13c Output/spis_pca10056 Release/Obj/nrfx_uart.o
                0x0000000000001f60                nrfx_uart_0_irq_handler
 .text.nrf_gpio_cfg_default
                0x000000000000209c       0x20 Output/spis_pca10056 Release/Obj/nrfx_uart.o
 .text.nrfx_uart_init
                0x00000000000020bc      0x1b4 Output/spis_pca10056 Release/Obj/nrfx_uart.o
                0x00000000000020bc                nrfx_uart_init
 .text.nrfx_uart_uninit
                0x0000000000002270       0xac Output/spis_pca10056 Release/Obj/nrfx_uart.o
                0x0000000000002270                nrfx_uart_uninit
 .text.nrfx_uart_tx
                0x000000000000231c       0x94 Output/spis_pca10056 Release/Obj/nrfx_uart.o
                0x000000000000231c                nrfx_uart_tx
 .text.nrf_uarte_event_clear
                0x00000000000023b0       0x10 Output/spis_pca10056 Release/Obj/nrfx_uarte.o
 .text.rx_done_event.constprop.6
                0x00000000000023c0       0x24 Output/spis_pca10056 Release/Obj/nrfx_uarte.o
 .text.nrfx_uarte_0_irq_handler
                0x00000000000023e4       0xec Output/spis_pca10056 Release/Obj/nrfx_uarte.o
                0x00000000000023e4                nrfx_uarte_0_irq_handler
 .text.nrf_gpio_cfg_default
                0x00000000000024d0       0x20 Output/spis_pca10056 Release/Obj/nrfx_uarte.o
 .text.nrfx_uarte_init
                0x00000000000024f0      0x1c4 Output/spis_pca10056 Release/Obj/nrfx_uarte.o
                0x00000000000024f0                nrfx_uarte_init
 .text.nrfx_uarte_uninit
                0x00000000000026b4       0xac Output/spis_pca10056 Release/Obj/nrfx_uarte.o
                0x00000000000026b4                nrfx_uarte_uninit
 .text.nrfx_uarte_tx
                0x0000000000002760       0x88 Output/spis_pca10056 Release/Obj/nrfx_uarte.o
                0x0000000000002760                nrfx_uarte_tx
 .text.spis_event_handler
                0x00000000000027e8       0x44 Output/spis_pca10056 Release/Obj/main.o
                0x00000000000027e8                spis_event_handler
 .text.startup.main
                0x000000000000282c       0xcc Output/spis_pca10056 Release/Obj/main.o
                0x000000000000282c                main
 .text.errata_98
                0x00000000000028f8       0x20 Output/spis_pca10056 Release/Obj/system_nrf52840.o
 .text.SystemInit
                0x0000000000002918      0x1b8 Output/spis_pca10056 Release/Obj/system_nrf52840.o
                0x0000000000002918                SystemInit
 .text.libc.__RAL_ascii_isctype
                0x0000000000002ad0       0x1c D:/SEGGER/lib/libc_v7em_fpv4_sp_d16_hard_t_le_eabi.a(libc2.o)
 .text.libc.__RAL_ascii_toupper
                0x0000000000002aec        0xc D:/SEGGER/lib/libc_v7em_fpv4_sp_d16_hard_t_le_eabi.a(libc2.o)
 .text.libc.__RAL_ascii_tolower
                0x0000000000002af8        0xc D:/SEGGER/lib/libc_v7em_fpv4_sp_d16_hard_t_le_eabi.a(libc2.o)
 .text.libc.__RAL_ascii_iswctype
                0x0000000000002b04       0x1c D:/SEGGER/lib/libc_v7em_fpv4_sp_d16_hard_t_le_eabi.a(libc2.o)
 .text.libc.__RAL_ascii_towupper
                0x0000000000002b20        0xc D:/SEGGER/lib/libc_v7em_fpv4_sp_d16_hard_t_le_eabi.a(libc2.o)
 .text.libc.__RAL_ascii_towlower
                0x0000000000002b2c        0xc D:/SEGGER/lib/libc_v7em_fpv4_sp_d16_hard_t_le_eabi.a(libc2.o)
 .text.libc.__RAL_ascii_wctomb
                0x0000000000002b38        0xe D:/SEGGER/lib/libc_v7em_fpv4_sp_d16_hard_t_le_eabi.a(libc2.o)
                0x0000000000002b38                __RAL_ascii_wctomb
 .text.libc.__RAL_ascii_mbtowc
                0x0000000000002b46       0x24 D:/SEGGER/lib/libc_v7em_fpv4_sp_d16_hard_t_le_eabi.a(libc2.o)
                0x0000000000002b46                __RAL_ascii_mbtowc
 *fill*         0x0000000000002b6a        0x2 
 .text.libc.__RAL_isctype
                0x0000000000002b6c       0x14 D:/SEGGER/lib/libc_v7em_fpv4_sp_d16_hard_t_le_eabi.a(libc2.o)
                0x0000000000002b6c                __RAL_isctype
 .text.libc.isprint
                0x0000000000002b80        0xa D:/SEGGER/lib/libc_v7em_fpv4_sp_d16_hard_t_le_eabi.a(libc2.o)
                0x0000000000002b80                isprint
 .text.libc.memcpy
                0x0000000000002b8a       0x52 D:/SEGGER/lib/libc_v7em_fpv4_sp_d16_hard_t_le_eabi.a(libc2_asm.o)
                0x0000000000002b8a                __aeabi_memcpy
                0x0000000000002b8a                memcpy
                0x0000000000002b96                __aeabi_memcpy8
                0x0000000000002b96                __aeabi_memcpy4
 .text.libc.memset
                0x0000000000002bdc       0x66 D:/SEGGER/lib/libc_v7em_fpv4_sp_d16_hard_t_le_eabi.a(libc2_asm.o)
                0x0000000000002bdc                memset
 .text.libc.strlen
                0x0000000000002c42       0x60 D:/SEGGER/lib/libc_v7em_fpv4_sp_d16_hard_t_le_eabi.a(libc2_asm.o)
                0x0000000000002c42                strlen
                0x0000000000002ca2                __text_end__ = (__text_start__ + SIZEOF (.text))
                0x00000000000028ce                __text_size__ = SIZEOF (.text)
                0x0000000000002ca2                __text_load_end__ = __text_end__

.vfp11_veneer   0x0000000100000000        0x0
 .vfp11_veneer  0x0000000100000000        0x0 linker stubs

.v4_bx          0x0000000100000000        0x0
 .v4_bx         0x0000000100000000        0x0 linker stubs

.iplt           0x0000000100000000        0x0
 .iplt          0x0000000100000000        0x0 Output/spis_pca10056 Release/Obj/thumb_crt0.o
                0x0000000000000001                . = ASSERT (((__text_start__ == __text_end__) || ((__text_end__ - __FLASH_segment_start__) <= __FLASH_segment_size__)), error: .text is too large to fit in FLASH memory segment)
                0x0000000000002ca4                __log_const_data_load_start__ = ALIGN (__text_end__, 0x4)

.log_const_data
                0x0000000000002ca4       0x30
                0x0000000000002ca4                __log_const_data_start__ = .
                0x0000000000002ca4                __start_log_const_data = __log_const_data_start__
 *(SORT_BY_NAME(.log_const_data*))
 .log_const_data_GPIOTE
                0x0000000000002ca4        0x8 Output/spis_pca10056 Release/Obj/nrfx_gpiote.o
                0x0000000000002ca4                m_nrf_log_GPIOTE_logs_data_const
 .log_const_data_PRS
                0x0000000000002cac        0x8 Output/spis_pca10056 Release/Obj/nrfx_prs.o
                0x0000000000002cac                m_nrf_log_PRS_logs_data_const
 .log_const_data_SPIS
                0x0000000000002cb4        0x8 Output/spis_pca10056 Release/Obj/nrfx_spis.o
                0x0000000000002cb4                m_nrf_log_SPIS_logs_data_const
 .log_const_data_UART
                0x0000000000002cbc        0x8 Output/spis_pca10056 Release/Obj/nrfx_uart.o
                0x0000000000002cbc                m_nrf_log_UART_logs_data_const
 .log_const_data_UARTE
                0x0000000000002cc4        0x8 Output/spis_pca10056 Release/Obj/nrfx_uarte.o
                0x0000000000002cc4                m_nrf_log_UARTE_logs_data_const
 .log_const_data_app
                0x0000000000002ccc        0x8 Output/spis_pca10056 Release/Obj/nrf_log_frontend.o
                0x0000000000002ccc                m_nrf_log_app_logs_data_const
                0x0000000000002cd4                __log_const_data_end__ = (__log_const_data_start__ + SIZEOF (.log_const_data))
                0x0000000000000030                __log_const_data_size__ = SIZEOF (.log_const_data)
                0x0000000000002cd4                __stop_log_const_data = __log_const_data_end__
                0x0000000000002cd4                __log_const_data_load_end__ = __log_const_data_end__
                0x0000000000000001                . = ASSERT (((__log_const_data_start__ == __log_const_data_end__) || ((__log_const_data_end__ - __FLASH_segment_start__) <= __FLASH_segment_size__)), error: .log_const_data is too large to fit in FLASH memory segment)
                0x0000000000002cd4                __log_backends_load_start__ = ALIGN (__log_const_data_end__, 0x4)

.log_backends   0x0000000000002cd4       0x10
                0x0000000000002cd4                __log_backends_start__ = .
                0x0000000000002cd4                __start_log_backends = __log_backends_start__
 *(SORT_BY_NAME(.log_backends*))
 .log_backends  0x0000000000002cd4       0x10 Output/spis_pca10056 Release/Obj/nrf_log_default_backends.o
                0x0000000000002ce4                __log_backends_end__ = (__log_backends_start__ + SIZEOF (.log_backends))
                0x0000000000000010                __log_backends_size__ = SIZEOF (.log_backends)
                0x0000000000002ce4                __stop_log_backends = __log_backends_end__
                0x0000000000002ce4                __log_backends_load_end__ = __log_backends_end__
                0x0000000000000001                . = ASSERT (((__log_backends_start__ == __log_backends_end__) || ((__log_backends_end__ - __FLASH_segment_start__) <= __FLASH_segment_size__)), error: .log_backends is too large to fit in FLASH memory segment)
                0x0000000000002ce4                __nrf_balloc_load_start__ = ALIGN (__log_backends_end__, 0x4)

.nrf_balloc     0x0000000000002ce4       0x14
                0x0000000000002ce4                __nrf_balloc_start__ = .
                0x0000000000002ce4                __start_nrf_balloc = __nrf_balloc_start__
 *(.nrf_balloc*)
 .nrf_balloc    0x0000000000002ce4       0x14 Output/spis_pca10056 Release/Obj/nrf_log_frontend.o
                0x0000000000002ce4                log_mempool
                0x0000000000002cf8                __nrf_balloc_end__ = (__nrf_balloc_start__ + SIZEOF (.nrf_balloc))
                0x0000000000000014                __nrf_balloc_size__ = SIZEOF (.nrf_balloc)
                0x0000000000002cf8                __stop_nrf_balloc = __nrf_balloc_end__
                0x0000000000002cf8                __nrf_balloc_load_end__ = __nrf_balloc_end__
                0x0000000000000001                . = ASSERT (((__nrf_balloc_start__ == __nrf_balloc_end__) || ((__nrf_balloc_end__ - __FLASH_segment_start__) <= __FLASH_segment_size__)), error: .nrf_balloc is too large to fit in FLASH memory segment)
                0x0000000000002cf8                __nrf_sections_load_start__ = ALIGN (__nrf_balloc_end__, 0x4)

.nrf_sections   0x0000000000002cf8        0x0
                0x0000000000002cf8                __nrf_sections_start__ = .
                0x0000000000002cf8                __start_nrf_sections = __nrf_sections_start__
 *(.nrf_sections .nrf_sections.*)
                0x0000000000002cf8                __nrf_sections_end__ = (__nrf_sections_start__ + SIZEOF (.nrf_sections))
                0x0000000000000000                __nrf_sections_size__ = SIZEOF (.nrf_sections)
                0x0000000000002cf8                __nrf_sections_load_end__ = __nrf_sections_end__
                0x0000000000000001                . = ASSERT (((__nrf_sections_start__ == __nrf_sections_end__) || ((__nrf_sections_end__ - __FLASH_segment_start__) <= __FLASH_segment_size__)), error: .nrf_sections is too large to fit in FLASH memory segment)
                0x0000000000002cf8                __log_dynamic_data_load_start__ = ALIGN (__nrf_sections_end__, 0x4)

.log_dynamic_data
                0x0000000020000000        0x0 load address 0x0000000000002cf8
                0x0000000020000000                __log_dynamic_data_start__ = .
 *(SORT_BY_NAME(.log_dynamic_data*))
                0x0000000020000000                __log_dynamic_data_end__ = (__log_dynamic_data_start__ + SIZEOF (.log_dynamic_data))
                0x0000000000000000                __log_dynamic_data_size__ = SIZEOF (.log_dynamic_data)
                0x0000000000002cf8                __log_dynamic_data_load_end__ = (__log_dynamic_data_load_start__ + SIZEOF (.log_dynamic_data))
                0x0000000000000001                . = ASSERT (((__log_dynamic_data_load_start__ == __log_dynamic_data_load_end__) || ((__log_dynamic_data_load_end__ - __FLASH_segment_start__) <= __FLASH_segment_size__)), error: .log_dynamic_data is too large to fit in FLASH memory segment)

.log_dynamic_data_run
                0x0000000020000000        0x0
                0x0000000020000000                __log_dynamic_data_run_start__ = .
                0x0000000020000000                __start_log_dynamic_data = __log_dynamic_data_run_start__
                0x0000000020000000                . = MAX ((__log_dynamic_data_run_start__ + SIZEOF (.log_dynamic_data)), .)
                0x0000000020000000                __log_dynamic_data_run_end__ = (__log_dynamic_data_run_start__ + SIZEOF (.log_dynamic_data_run))
                0x0000000000000000                __log_dynamic_data_run_size__ = SIZEOF (.log_dynamic_data_run)
                0x0000000020000000                __stop_log_dynamic_data = __log_dynamic_data_run_end__
                0x0000000020000000                __log_dynamic_data_run_load_end__ = __log_dynamic_data_run_end__
                0x0000000000000001                . = ASSERT (((__log_dynamic_data_run_start__ == __log_dynamic_data_run_end__) || ((__log_dynamic_data_run_end__ - __RAM_segment_start__) <= __RAM_segment_size__)), error: .log_dynamic_data_run is too large to fit in RAM memory segment)
                0x0000000000002cf8                __log_filter_data_load_start__ = ALIGN ((__log_dynamic_data_load_start__ + SIZEOF (.log_dynamic_data)), 0x4)

.log_filter_data
                0x0000000020000000        0x0 load address 0x0000000000002cf8
                0x0000000020000000                __log_filter_data_start__ = .
 *(SORT_BY_NAME(.log_filter_data*))
                0x0000000020000000                __log_filter_data_end__ = (__log_filter_data_start__ + SIZEOF (.log_filter_data))
                0x0000000000000000                __log_filter_data_size__ = SIZEOF (.log_filter_data)
                0x0000000000002cf8                __log_filter_data_load_end__ = (__log_filter_data_load_start__ + SIZEOF (.log_filter_data))
                0x0000000000000001                . = ASSERT (((__log_filter_data_load_start__ == __log_filter_data_load_end__) || ((__log_filter_data_load_end__ - __FLASH_segment_start__) <= __FLASH_segment_size__)), error: .log_filter_data is too large to fit in FLASH memory segment)

.log_filter_data_run
                0x0000000020000000        0x0
                0x0000000020000000                __log_filter_data_run_start__ = .
                0x0000000020000000                __start_log_filter_data = __log_filter_data_run_start__
                0x0000000020000000                . = MAX ((__log_filter_data_run_start__ + SIZEOF (.log_filter_data)), .)
                0x0000000020000000                __log_filter_data_run_end__ = (__log_filter_data_run_start__ + SIZEOF (.log_filter_data_run))
                0x0000000000000000                __log_filter_data_run_size__ = SIZEOF (.log_filter_data_run)
                0x0000000020000000                __stop_log_filter_data = __log_filter_data_run_end__
                0x0000000020000000                __log_filter_data_run_load_end__ = __log_filter_data_run_end__
                0x0000000000000001                . = ASSERT (((__log_filter_data_run_start__ == __log_filter_data_run_end__) || ((__log_filter_data_run_end__ - __RAM_segment_start__) <= __RAM_segment_size__)), error: .log_filter_data_run is too large to fit in RAM memory segment)
                0x0000000020000000                __nrf_sections_run_end_load_start__ = ALIGN (__log_filter_data_run_end__, 0x4)

.nrf_sections_run_end
                0x0000000020000000        0x0
                0x0000000020000000                __nrf_sections_run_end_start__ = .
                0x0000000020000000                __end_nrf_sections_run = __nrf_sections_run_end_start__
 *(.nrf_sections_run_end .nrf_sections_run_end.*)
                0x0000000020000000                __nrf_sections_run_end_end__ = (__nrf_sections_run_end_start__ + SIZEOF (.nrf_sections_run_end))
                0x0000000000000000                __nrf_sections_run_end_size__ = SIZEOF (.nrf_sections_run_end)
                0x0000000020000000                __nrf_sections_run_end_load_end__ = __nrf_sections_run_end_end__
                0x0000000000000001                . = ASSERT (((__nrf_sections_run_end_start__ == __nrf_sections_run_end_end__) || ((__nrf_sections_run_end_end__ - __RAM_segment_start__) <= __RAM_segment_size__)), error: .nrf_sections_run_end is too large to fit in RAM memory segment)
                0x0000000000002cf8                __dtors_load_start__ = ALIGN ((__log_filter_data_load_start__ + SIZEOF (.log_filter_data)), 0x4)

.dtors          0x0000000000002cf8        0x0
                0x0000000000002cf8                __dtors_start__ = .
 *(SORT_BY_NAME(.dtors.*))
 *(.dtors)
 *(.fini_array)
 *(SORT_BY_NAME(.fini_array.*))
                0x0000000000002cf8                __dtors_end__ = (__dtors_start__ + SIZEOF (.dtors))
                0x0000000000000000                __dtors_size__ = SIZEOF (.dtors)
                0x0000000000002cf8                __dtors_load_end__ = __dtors_end__
                0x0000000000000001                . = ASSERT (((__dtors_start__ == __dtors_end__) || ((__dtors_end__ - __FLASH_segment_start__) <= __FLASH_segment_size__)), error: .dtors is too large to fit in FLASH memory segment)
                0x0000000000002cf8                __ctors_load_start__ = ALIGN (__dtors_end__, 0x4)

.ctors          0x0000000000002cf8        0x0
                0x0000000000002cf8                __ctors_start__ = .
 *(SORT_BY_NAME(.ctors.*))
 *(.ctors)
 *(.init_array)
 *(SORT_BY_NAME(.init_array.*))
                0x0000000000002cf8                __ctors_end__ = (__ctors_start__ + SIZEOF (.ctors))
                0x0000000000000000                __ctors_size__ = SIZEOF (.ctors)
                0x0000000000002cf8                __ctors_load_end__ = __ctors_end__
                0x0000000000000001                . = ASSERT (((__ctors_start__ == __ctors_end__) || ((__ctors_end__ - __FLASH_segment_start__) <= __FLASH_segment_size__)), error: .ctors is too large to fit in FLASH memory segment)
                0x0000000000002cf8                __rodata_load_start__ = ALIGN (__ctors_end__, 0x4)

.rodata         0x0000000000002cf8      0x410
                0x0000000000002cf8                __rodata_start__ = .
 *(.rodata .rodata.* .gnu.linkonce.r.*)
 .rodata        0x0000000000002cf8       0x20 Output/spis_pca10056 Release/Obj/nrf_log_backend_uart.o
 .rodata.nrf_log_backend_uart_api
                0x0000000000002d18        0xc Output/spis_pca10056 Release/Obj/nrf_log_backend_uart.o
                0x0000000000002d18                nrf_log_backend_uart_api
 .rodata.str1.1
                0x0000000000002d24       0x11 Output/spis_pca10056 Release/Obj/nrf_log_default_backends.o
 *fill*         0x0000000000002d35        0x3 
 .rodata.m_log_push_ringbuf
                0x0000000000002d38        0xc Output/spis_pca10056 Release/Obj/nrf_log_frontend.o
 .rodata.nrf_log_frontend_dequeue.str1.1
                0x0000000000002d44       0x11 Output/spis_pca10056 Release/Obj/nrf_log_frontend.o
 .rodata.str1.1
                0x0000000000002d55        0x4 Output/spis_pca10056 Release/Obj/nrf_log_frontend.o
 *fill*         0x0000000000002d59        0x3 
 .rodata.m_colors
                0x0000000000002d5c       0x24 Output/spis_pca10056 Release/Obj/nrf_log_str_formatter.o
 .rodata.nrf_log_hexdump_entry_process.str1.1
                0x0000000000002d80        0xf Output/spis_pca10056 Release/Obj/nrf_log_str_formatter.o
                                         0x11 (size before relaxing)
 .rodata.postfix_process.str1.1
                0x0000000000002d8f        0x5 Output/spis_pca10056 Release/Obj/nrf_log_str_formatter.o
                                          0xb (size before relaxing)
 .rodata.prefix_process.str1.1
                0x0000000000002d94       0x2a Output/spis_pca10056 Release/Obj/nrf_log_str_formatter.o
 *fill*         0x0000000000002dbe        0x2 
 .rodata.severity_names
                0x0000000000002dc0       0x14 Output/spis_pca10056 Release/Obj/nrf_log_str_formatter.o
 .rodata.str1.1
                0x0000000000002dd4       0x4b Output/spis_pca10056 Release/Obj/nrf_log_str_formatter.o
                                         0x51 (size before relaxing)
 .rodata.m_board_led_list
                0x0000000000002e1f        0x4 Output/spis_pca10056 Release/Obj/boards.o
 .rodata.app_error_fault_handler.str1.1
                0x0000000000002e23       0x19 Output/spis_pca10056 Release/Obj/app_error_weak.o
 *fill*         0x0000000000002e3c        0x4 
 .rodata.delay_bytecode.8157
                0x0000000000002e40        0x6 Output/spis_pca10056 Release/Obj/app_timer.o
 .rodata._aV2C.7757
                0x0000000000002e46       0x10 Output/spis_pca10056 Release/Obj/nrf_fprintf_format.o
 .rodata.str1.1
                0x0000000000002e56        0x7 Output/spis_pca10056 Release/Obj/nrfx_gpiote.o
 .rodata.str1.1
                0x0000000000002e5d        0x4 Output/spis_pca10056 Release/Obj/nrfx_prs.o
 .rodata.str1.1
                0x0000000000002e61        0x5 Output/spis_pca10056 Release/Obj/nrfx_spis.o
 .rodata.str1.1
                0x0000000000002e66        0x5 Output/spis_pca10056 Release/Obj/nrfx_uart.o
 .rodata.str1.1
                0x0000000000002e6b        0x6 Output/spis_pca10056 Release/Obj/nrfx_uarte.o
 *fill*         0x0000000000002e71        0x3 
 .rodata        0x0000000000002e74       0x18 Output/spis_pca10056 Release/Obj/main.o
 .rodata.main.str1.1
                0x0000000000002e8c        0xd Output/spis_pca10056 Release/Obj/main.o
 *fill*         0x0000000000002e99        0x3 
 .rodata.spis   0x0000000000002e9c        0x8 Output/spis_pca10056 Release/Obj/main.o
 .rodata.spis_event_handler.str1.1
                0x0000000000002ea4       0x22 Output/spis_pca10056 Release/Obj/main.o
 *fill*         0x0000000000002ec6        0x2 
 .rodata.libc.__RAL_ascii_ctype_map
                0x0000000000002ec8       0x80 D:/SEGGER/lib/libc_v7em_fpv4_sp_d16_hard_t_le_eabi.a(libc2.o)
                0x0000000000002ec8                __RAL_ascii_ctype_map
 .rodata.libc.__RAL_ascii_ctype_mask
                0x0000000000002f48        0xd D:/SEGGER/lib/libc_v7em_fpv4_sp_d16_hard_t_le_eabi.a(libc2.o)
 *fill*         0x0000000000002f55        0x3 
 .rodata.libc.__RAL_c_locale
                0x0000000000002f58        0xc D:/SEGGER/lib/libc_v7em_fpv4_sp_d16_hard_t_le_eabi.a(libc2.o)
                0x0000000000002f58                __RAL_c_locale
 .rodata.libc.__RAL_c_locale_abbrev_day_names
                0x0000000000002f64       0x1d D:/SEGGER/lib/libc_v7em_fpv4_sp_d16_hard_t_le_eabi.a(libc2.o)
                0x0000000000002f64                __RAL_c_locale_abbrev_day_names
 *fill*         0x0000000000002f81        0x3 
 .rodata.libc.__RAL_c_locale_abbrev_month_names
                0x0000000000002f84       0x31 D:/SEGGER/lib/libc_v7em_fpv4_sp_d16_hard_t_le_eabi.a(libc2.o)
                0x0000000000002f84                __RAL_c_locale_abbrev_month_names
 *fill*         0x0000000000002fb5        0x3 
 .rodata.libc.__RAL_c_locale_am_pm_indicator
                0x0000000000002fb8        0x7 D:/SEGGER/lib/libc_v7em_fpv4_sp_d16_hard_t_le_eabi.a(libc2.o)
                0x0000000000002fb8                __RAL_c_locale_am_pm_indicator
 *fill*         0x0000000000002fbf        0x1 
 .rodata.libc.__RAL_c_locale_data
                0x0000000000002fc0       0x58 D:/SEGGER/lib/libc_v7em_fpv4_sp_d16_hard_t_le_eabi.a(libc2.o)
                0x0000000000002fc0                __RAL_c_locale_data
 .rodata.libc.__RAL_c_locale_date_format
                0x0000000000003018        0x9 D:/SEGGER/lib/libc_v7em_fpv4_sp_d16_hard_t_le_eabi.a(libc2.o)
                0x0000000000003018                __RAL_c_locale_date_format
 *fill*         0x0000000000003021        0x3 
 .rodata.libc.__RAL_c_locale_date_time_format
                0x0000000000003024        0xf D:/SEGGER/lib/libc_v7em_fpv4_sp_d16_hard_t_le_eabi.a(libc2.o)
                0x0000000000003024                __RAL_c_locale_date_time_format
 *fill*         0x0000000000003033        0x1 
 .rodata.libc.__RAL_c_locale_day_names
                0x0000000000003034       0x3a D:/SEGGER/lib/libc_v7em_fpv4_sp_d16_hard_t_le_eabi.a(libc2.o)
                0x0000000000003034                __RAL_c_locale_day_names
 *fill*         0x000000000000306e        0x2 
 .rodata.libc.__RAL_c_locale_month_names
                0x0000000000003070       0x57 D:/SEGGER/lib/libc_v7em_fpv4_sp_d16_hard_t_le_eabi.a(libc2.o)
                0x0000000000003070                __RAL_c_locale_month_names
 *fill*         0x00000000000030c7        0x1 
 .rodata.libc.__RAL_c_locale_time_format
                0x00000000000030c8        0x9 D:/SEGGER/lib/libc_v7em_fpv4_sp_d16_hard_t_le_eabi.a(libc2.o)
                0x00000000000030c8                __RAL_c_locale_time_format
 *fill*         0x00000000000030d1        0x3 
 .rodata.libc.__RAL_codeset_ascii
                0x00000000000030d4       0x20 D:/SEGGER/lib/libc_v7em_fpv4_sp_d16_hard_t_le_eabi.a(libc2.o)
                0x00000000000030d4                __RAL_codeset_ascii
 .rodata.libc.__RAL_data_empty_string
                0x00000000000030f4        0x1 D:/SEGGER/lib/libc_v7em_fpv4_sp_d16_hard_t_le_eabi.a(libc2.o)
                0x00000000000030f4                __RAL_data_empty_string
 *fill*         0x00000000000030f5        0x3 
 .rodata.libc.__RAL_data_utf8_period
                0x00000000000030f8        0x2 D:/SEGGER/lib/libc_v7em_fpv4_sp_d16_hard_t_le_eabi.a(libc2.o)
                0x00000000000030f8                __RAL_data_utf8_period
 *fill*         0x00000000000030fa        0x2 
 .rodata.libc.__RAL_find_locale.str1.4
                0x00000000000030fc        0xc D:/SEGGER/lib/libc_v7em_fpv4_sp_d16_hard_t_le_eabi.a(libc2.o)
                                          0xa (size before relaxing)
                0x0000000000003108                __rodata_end__ = (__rodata_start__ + SIZEOF (.rodata))
                0x0000000000000410                __rodata_size__ = SIZEOF (.rodata)
                0x0000000000003108                __rodata_load_end__ = __rodata_end__

.rel.dyn        0x0000000000003108        0x0
 .rel.iplt      0x0000000000003108        0x0 Output/spis_pca10056 Release/Obj/thumb_crt0.o
                0x0000000000000001                . = ASSERT (((__rodata_start__ == __rodata_end__) || ((__rodata_end__ - __FLASH_segment_start__) <= __FLASH_segment_size__)), error: .rodata is too large to fit in FLASH memory segment)
                0x0000000000003108                __ARM.exidx_load_start__ = ALIGN (__rodata_end__, 0x4)

.ARM.exidx      0x0000000000003108        0x0
                0x0000000000003108                __ARM.exidx_start__ = .
                0x0000000000003108                __exidx_start = __ARM.exidx_start__
 *(.ARM.exidx .ARM.exidx.*)
                0x0000000000003108                __ARM.exidx_end__ = (__ARM.exidx_start__ + SIZEOF (.ARM.exidx))
                0x0000000000000000                __ARM.exidx_size__ = SIZEOF (.ARM.exidx)
                0x0000000000003108                __exidx_end = __ARM.exidx_end__
                0x0000000000003108                __ARM.exidx_load_end__ = __ARM.exidx_end__
                0x0000000000000001                . = ASSERT (((__ARM.exidx_start__ == __ARM.exidx_end__) || ((__ARM.exidx_end__ - __FLASH_segment_start__) <= __FLASH_segment_size__)), error: .ARM.exidx is too large to fit in FLASH memory segment)
                0x0000000000003108                __fast_load_start__ = ALIGN (__ARM.exidx_end__, 0x4)

.fast           0x0000000020000000        0x0 load address 0x0000000000003108
                0x0000000020000000                __fast_start__ = .
 *(.fast .fast.*)
                0x0000000020000000                __fast_end__ = (__fast_start__ + SIZEOF (.fast))
                0x0000000000000000                __fast_size__ = SIZEOF (.fast)
                0x0000000000003108                __fast_load_end__ = (__fast_load_start__ + SIZEOF (.fast))
                0x0000000000000001                . = ASSERT (((__fast_load_start__ == __fast_load_end__) || ((__fast_load_end__ - __FLASH_segment_start__) <= __FLASH_segment_size__)), error: .fast is too large to fit in FLASH memory segment)

.fast_run       0x0000000020000000        0x0
                0x0000000020000000                __fast_run_start__ = .
                0x0000000020000000                . = MAX ((__fast_run_start__ + SIZEOF (.fast)), .)
                0x0000000020000000                __fast_run_end__ = (__fast_run_start__ + SIZEOF (.fast_run))
                0x0000000000000000                __fast_run_size__ = SIZEOF (.fast_run)
                0x0000000020000000                __fast_run_load_end__ = __fast_run_end__
                0x0000000000000001                . = ASSERT (((__fast_run_start__ == __fast_run_end__) || ((__fast_run_end__ - __RAM_segment_start__) <= __RAM_segment_size__)), error: .fast_run is too large to fit in RAM memory segment)
                0x0000000000003108                __data_load_start__ = ALIGN ((__fast_load_start__ + SIZEOF (.fast)), 0x4)

.data           0x0000000020000000       0x3c load address 0x0000000000003108
                0x0000000020000000                __data_start__ = .
 *(.data .data.* .gnu.linkonce.d.*)
 .data.m_uart   0x0000000020000000       0x14 Output/spis_pca10056 Release/Obj/nrf_log_backend_uart.o
                0x0000000020000000                m_uart
 .data.log_backend_cb_uart_log_backend
                0x0000000020000014        0x8 Output/spis_pca10056 Release/Obj/nrf_log_default_backends.o
 .data.m_tx_buf
                0x000000002000001c        0x7 Output/spis_pca10056 Release/Obj/main.o
 *fill*         0x0000000020000023        0x1 
 .data.SystemCoreClock
                0x0000000020000024        0x4 Output/spis_pca10056 Release/Obj/system_nrf52840.o
                0x0000000020000024                SystemCoreClock
 .data.libc.__RAL_global_locale
                0x0000000020000028       0x14 D:/SEGGER/lib/libc_v7em_fpv4_sp_d16_hard_t_le_eabi.a(libc2.o)
                0x0000000020000028                __RAL_global_locale
                0x000000002000003c                __data_end__ = (__data_start__ + SIZEOF (.data))
                0x000000000000003c                __data_size__ = SIZEOF (.data)
                0x0000000000003144                __data_load_end__ = (__data_load_start__ + SIZEOF (.data))

.igot.plt       0x0000000100000000        0x0
 .igot.plt      0x0000000100000000        0x0 Output/spis_pca10056 Release/Obj/thumb_crt0.o
                0x0000000000000001                . = ASSERT (((__data_load_start__ == __data_load_end__) || ((__data_load_end__ - __FLASH_segment_start__) <= __FLASH_segment_size__)), error: .data is too large to fit in FLASH memory segment)

.data_run       0x0000000020000000       0x3c load address 0x0000000000003108
                0x0000000020000000                __data_run_start__ = .
                0x000000002000003c                . = MAX ((__data_run_start__ + SIZEOF (.data)), .)
 *fill*         0x0000000020000000       0x3c 
                0x000000002000003c                __data_run_end__ = (__data_run_start__ + SIZEOF (.data_run))
                0x000000000000003c                __data_run_size__ = SIZEOF (.data_run)
                0x000000002000003c                __data_run_load_end__ = __data_run_end__
                0x0000000000000001                . = ASSERT (((__data_run_start__ == __data_run_end__) || ((__data_run_end__ - __RAM_segment_start__) <= __RAM_segment_size__)), error: .data_run is too large to fit in RAM memory segment)
                0x0000000000003144                __tdata_load_start__ = ALIGN ((__data_load_start__ + SIZEOF (.data)), 0x4)

.tdata          0x000000002000003c        0x0 load address 0x0000000000003144
                0x000000002000003c                __tdata_start__ = .
 *(.tdata .tdata.*)
                0x000000002000003c                __tdata_end__ = (__tdata_start__ + SIZEOF (.tdata))
                0x0000000000000000                __tdata_size__ = SIZEOF (.tdata)
                0x0000000000003144                __tdata_load_end__ = (__tdata_load_start__ + SIZEOF (.tdata))
                0x0000000000003144                __FLASH_segment_used_end__ = (ALIGN ((__data_load_start__ + SIZEOF (.data)), 0x4) + SIZEOF (.tdata))
                0x0000000000003144                __FLASH_segment_used_size__ = (__FLASH_segment_used_end__ - __FLASH_segment_start__)
                0x0000000000000001                . = ASSERT (((__tdata_load_start__ == __tdata_load_end__) || ((__tdata_load_end__ - __FLASH_segment_start__) <= __FLASH_segment_size__)), error: .tdata is too large to fit in FLASH memory segment)

.tdata_run      0x000000002000003c        0x0
                0x000000002000003c                __tdata_run_start__ = .
                0x000000002000003c                . = MAX ((__tdata_run_start__ + SIZEOF (.tdata)), .)
                0x000000002000003c                __tdata_run_end__ = (__tdata_run_start__ + SIZEOF (.tdata_run))
                0x0000000000000000                __tdata_run_size__ = SIZEOF (.tdata_run)
                0x000000002000003c                __tdata_run_load_end__ = __tdata_run_end__
                0x0000000000000001                . = ASSERT (((__tdata_run_start__ == __tdata_run_end__) || ((__tdata_run_end__ - __RAM_segment_start__) <= __RAM_segment_size__)), error: .tdata_run is too large to fit in RAM memory segment)
                0x000000002000003c                __bss_load_start__ = ALIGN (__tdata_run_end__, 0x4)

.bss            0x000000002000003c      0x801
                0x000000002000003c                __bss_start__ = .
 *(.bss .bss.* .gnu.linkonce.b.*)
 .bss.m_async_mode
                0x000000002000003c        0x1 Output/spis_pca10056 Release/Obj/nrf_log_backend_uart.o
 .bss.m_string_buff
                0x000000002000003d       0x40 Output/spis_pca10056 Release/Obj/nrf_log_backend_uart.o
 .bss.m_xfer_done
                0x000000002000007d        0x1 Output/spis_pca10056 Release/Obj/nrf_log_backend_uart.o
 *fill*         0x000000002000007e        0x2 
 .bss.log_mempool_nrf_balloc_cb
                0x0000000020000080        0x8 Output/spis_pca10056 Release/Obj/nrf_log_frontend.o
 .bss.log_mempool_nrf_balloc_pool_mem
                0x0000000020000088       0xc0 Output/spis_pca10056 Release/Obj/nrf_log_frontend.o
 .bss.log_mempool_nrf_balloc_pool_stack
                0x0000000020000148        0x8 Output/spis_pca10056 Release/Obj/nrf_log_frontend.o
 .bss.m_log_data
                0x0000000020000150      0x424 Output/spis_pca10056 Release/Obj/nrf_log_frontend.o
 .bss.m_log_push_ringbuf_buf
                0x0000000020000574       0x80 Output/spis_pca10056 Release/Obj/nrf_log_frontend.o
 .bss.m_log_push_ringbuf_cb
                0x00000000200005f4       0x18 Output/spis_pca10056 Release/Obj/nrf_log_frontend.o
 .bss.m_op_queue
                0x000000002000060c      0x10c Output/spis_pca10056 Release/Obj/app_timer.o
 .bss.m_rtc1_reset
                0x0000000020000718        0x1 Output/spis_pca10056 Release/Obj/app_timer.o
 .bss.m_rtc1_running
                0x0000000020000719        0x1 Output/spis_pca10056 Release/Obj/app_timer.o
 *fill*         0x000000002000071a        0x2 
 .bss.m_ticks_elapsed
                0x000000002000071c        0x8 Output/spis_pca10056 Release/Obj/app_timer.o
 .bss.m_ticks_elapsed_q_read_ind
                0x0000000020000724        0x1 Output/spis_pca10056 Release/Obj/app_timer.o
 .bss.m_ticks_elapsed_q_write_ind
                0x0000000020000725        0x1 Output/spis_pca10056 Release/Obj/app_timer.o
 *fill*         0x0000000020000726        0x2 
 .bss.m_ticks_latest
                0x0000000020000728        0x4 Output/spis_pca10056 Release/Obj/app_timer.o
 .bss.mp_timer_id_head
                0x000000002000072c        0x4 Output/spis_pca10056 Release/Obj/app_timer.o
 .bss.m_in_critical_region
                0x0000000020000730        0x4 Output/spis_pca10056 Release/Obj/app_util_platform.o
 .bss.m_handlers
                0x0000000020000734        0xc Output/spis_pca10056 Release/Obj/nrf_drv_spis.o
 .bss.m_contexts
                0x0000000020000740        0x8 Output/spis_pca10056 Release/Obj/nrf_drv_uart.o
 .bss.m_handlers
                0x0000000020000748        0x8 Output/spis_pca10056 Release/Obj/nrf_drv_uart.o
 .bss.nrf_drv_uart_use_easy_dma
                0x0000000020000750        0x2 Output/spis_pca10056 Release/Obj/nrf_drv_uart.o
                0x0000000020000750                nrf_drv_uart_use_easy_dma
 *fill*         0x0000000020000752        0x2 
 .bss.m_cb      0x0000000020000754       0x6c Output/spis_pca10056 Release/Obj/nrfx_gpiote.o
 .bss.m_prs_box_4
                0x00000000200007c0        0x8 Output/spis_pca10056 Release/Obj/nrfx_prs.o
 .bss.m_cb      0x00000000200007c8       0x1c Output/spis_pca10056 Release/Obj/nrfx_spis.o
 .bss.m_cb      0x00000000200007e4       0x2c Output/spis_pca10056 Release/Obj/nrfx_uart.o
 .bss.m_cb      0x0000000020000810       0x24 Output/spis_pca10056 Release/Obj/nrfx_uarte.o
 .bss.m_rx_buf  0x0000000020000834        0x8 Output/spis_pca10056 Release/Obj/main.o
 .bss.spis_xfer_done
                0x000000002000083c        0x1 Output/spis_pca10056 Release/Obj/main.o
 *(COMMON)
                0x000000002000083d                __bss_end__ = (__bss_start__ + SIZEOF (.bss))
                0x0000000000000801                __bss_size__ = SIZEOF (.bss)
                0x000000002000083d                __bss_load_end__ = __bss_end__
                0x0000000000000001                . = ASSERT (((__bss_start__ == __bss_end__) || ((__bss_end__ - __RAM_segment_start__) <= __RAM_segment_size__)), error: .bss is too large to fit in RAM memory segment)
                0x0000000020000840                __tbss_load_start__ = ALIGN (__bss_end__, 0x4)

.tbss           0x0000000020000840        0x0
                0x0000000020000840                __tbss_start__ = .
 *(.tbss .tbss.*)
                0x0000000020000840                __tbss_end__ = (__tbss_start__ + SIZEOF (.tbss))
                0x0000000000000000                __tbss_size__ = SIZEOF (.tbss)
                0x0000000020000840                __tbss_load_end__ = __tbss_end__
                0x0000000000000001                . = ASSERT (((__tbss_start__ == __tbss_end__) || ((__tbss_end__ - __RAM_segment_start__) <= __RAM_segment_size__)), error: .tbss is too large to fit in RAM memory segment)
                0x0000000020000840                __non_init_load_start__ = ALIGN (__tbss_end__, 0x4)

.non_init       0x0000000020000840        0x0
                0x0000000020000840                __non_init_start__ = .
 *(.non_init .non_init.*)
                0x0000000020000840                __non_init_end__ = (__non_init_start__ + SIZEOF (.non_init))
                0x0000000000000000                __non_init_size__ = SIZEOF (.non_init)
                0x0000000020000840                __non_init_load_end__ = __non_init_end__
                0x0000000000000001                . = ASSERT (((__non_init_start__ == __non_init_end__) || ((__non_init_end__ - __RAM_segment_start__) <= __RAM_segment_size__)), error: .non_init is too large to fit in RAM memory segment)
                0x0000000020000840                __heap_load_start__ = ALIGN (__non_init_end__, 0x4)

.heap           0x0000000020000840     0x2000
                0x0000000020000840                __heap_start__ = .
 *(.heap .heap.*)
                0x0000000020002840                . = ALIGN (MAX ((__heap_start__ + __HEAPSIZE__), .), 0x4)
 *fill*         0x0000000020000840     0x2000 
                0x0000000020002840                __heap_end__ = (__heap_start__ + SIZEOF (.heap))
                0x0000000000002000                __heap_size__ = SIZEOF (.heap)
                0x0000000020002840                __heap_load_end__ = __heap_end__
                0x0000000000000001                . = ASSERT (((__heap_start__ == __heap_end__) || ((__heap_end__ - __RAM_segment_start__) <= __RAM_segment_size__)), error: .heap is too large to fit in RAM memory segment)
                0x000000002003e000                __stack_load_start__ = (__RAM_segment_start__ + (__RAM_segment_size__ - 0x2000))

.stack          0x000000002003e000     0x2000
                0x000000002003e000                __stack_start__ = .
                0x000000002003e000                __StackLimit = __stack_start__
 *(.stack .stack.*)
                0x0000000020040000                . = ALIGN (MAX ((__stack_start__ + __STACKSIZE__), .), 0x8)
 *fill*         0x000000002003e000     0x2000 
                0x0000000020040000                __stack_end__ = (__stack_start__ + SIZEOF (.stack))
                0x0000000000002000                __stack_size__ = SIZEOF (.stack)
                0x0000000020040000                __StackTop = __stack_end__
                0x0000000020040000                __stack_load_end__ = __stack_end__
                0x0000000000000001                . = ASSERT (((__stack_start__ == __stack_end__) || ((__stack_end__ - __RAM_segment_start__) <= __RAM_segment_size__)), error: .stack is too large to fit in RAM memory segment)
                0x0000000000000001                . = ASSERT ((__heap_end__ <= __stack_start__), error: section .heap overlaps absolute placed section .stack)
                0x0000000020040000                __stack_process_load_start__ = ALIGN (__stack_end__, 0x8)

.stack_process  0x0000000020040000        0x0
                0x0000000020040000                __stack_process_start__ = .
 *(.stack_process .stack_process.*)
                0x0000000020040000                . = ALIGN (MAX ((__stack_process_start__ + __STACKSIZE_PROCESS__), .), 0x8)
                0x0000000020040000                __stack_process_end__ = (__stack_process_start__ + SIZEOF (.stack_process))
                0x0000000000000000                __stack_process_size__ = SIZEOF (.stack_process)
                0x0000000020040000                __stack_process_load_end__ = __stack_process_end__
                0x0000000020040000                __RAM_segment_used_end__ = (ALIGN (__stack_end__, 0x8) + SIZEOF (.stack_process))
                0x0000000000040000                __RAM_segment_used_size__ = (__RAM_segment_used_end__ - __RAM_segment_start__)
                0x0000000000000001                . = ASSERT (((__stack_process_start__ == __stack_process_end__) || ((__stack_process_end__ - __RAM_segment_start__) <= __RAM_segment_size__)), error: .stack_process is too large to fit in RAM memory segment)
START GROUP
LOAD Output/spis_pca10056 Release/Obj/thumb_crt0.o
LOAD Output/spis_pca10056 Release/Obj/nrf_log_backend_rtt.o
LOAD Output/spis_pca10056 Release/Obj/nrf_log_backend_serial.o
LOAD Output/spis_pca10056 Release/Obj/nrf_log_backend_uart.o
LOAD Output/spis_pca10056 Release/Obj/nrf_log_default_backends.o
LOAD Output/spis_pca10056 Release/Obj/nrf_log_frontend.o
LOAD Output/spis_pca10056 Release/Obj/nrf_log_str_formatter.o
LOAD Output/spis_pca10056 Release/Obj/boards.o
LOAD Output/spis_pca10056 Release/Obj/app_button.o
LOAD Output/spis_pca10056 Release/Obj/app_error.o
LOAD Output/spis_pca10056 Release/Obj/app_error_handler_gcc.o
LOAD Output/spis_pca10056 Release/Obj/app_error_weak.o
LOAD Output/spis_pca10056 Release/Obj/app_scheduler.o
LOAD Output/spis_pca10056 Release/Obj/app_timer.o
LOAD Output/spis_pca10056 Release/Obj/app_util_platform.o
LOAD Output/spis_pca10056 Release/Obj/nrf_assert.o
LOAD Output/spis_pca10056 Release/Obj/nrf_atomic.o
LOAD Output/spis_pca10056 Release/Obj/nrf_balloc.o
LOAD Output/spis_pca10056 Release/Obj/nrf_fprintf.o
LOAD Output/spis_pca10056 Release/Obj/nrf_fprintf_format.o
LOAD Output/spis_pca10056 Release/Obj/nrf_memobj.o
LOAD Output/spis_pca10056 Release/Obj/nrf_ringbuf.o
LOAD Output/spis_pca10056 Release/Obj/nrf_strerror.o
LOAD Output/spis_pca10056 Release/Obj/nrf_drv_spis.o
LOAD Output/spis_pca10056 Release/Obj/nrf_drv_uart.o
LOAD Output/spis_pca10056 Release/Obj/nrfx_gpiote.o
LOAD Output/spis_pca10056 Release/Obj/nrfx_prs.o
LOAD Output/spis_pca10056 Release/Obj/nrfx_spis.o
LOAD Output/spis_pca10056 Release/Obj/nrfx_uart.o
LOAD Output/spis_pca10056 Release/Obj/nrfx_uarte.o
LOAD Output/spis_pca10056 Release/Obj/bsp.o
LOAD Output/spis_pca10056 Release/Obj/main.o
LOAD Output/spis_pca10056 Release/Obj/SEGGER_RTT.o
LOAD Output/spis_pca10056 Release/Obj/SEGGER_RTT_Syscalls_SES.o
LOAD Output/spis_pca10056 Release/Obj/SEGGER_RTT_printf.o
LOAD Output/spis_pca10056 Release/Obj/ses_startup_nrf52840.o
LOAD Output/spis_pca10056 Release/Obj/ses_startup_nrf_common.o
LOAD Output/spis_pca10056 Release/Obj/system_nrf52840.o
LOAD D:/SEGGER/lib/libdebugio_mempoll_v7em_fpv4_sp_d16_hard_t_le_eabi.a
LOAD D:/SEGGER/lib/libm_v7em_fpv4_sp_d16_hard_t_le_eabi.a
LOAD D:/SEGGER/lib/libc_v7em_fpv4_sp_d16_hard_t_le_eabi.a
LOAD D:/SEGGER/lib/libcpp_v7em_fpv4_sp_d16_hard_t_le_eabi.a
LOAD D:/SEGGER/lib/libdebugio_v7em_fpv4_sp_d16_hard_t_le_eabi.a
LOAD D:/SEGGER/lib/libvfprintf_v7em_fpv4_sp_d16_hard_t_le_eabi.o
LOAD D:/SEGGER/lib/libvfscanf_v7em_fpv4_sp_d16_hard_t_le_eabi.o
END GROUP
OUTPUT(Output/Release/Exe/spis_pca10056.elf elf32-littlearm)

.ARM.attributes
                0x0000000000000000       0x35
 .ARM.attributes
                0x0000000000000000       0x25 Output/spis_pca10056 Release/Obj/thumb_crt0.o
 .ARM.attributes
                0x0000000000000025       0x39 Output/spis_pca10056 Release/Obj/nrf_log_backend_serial.o
 .ARM.attributes
                0x000000000000005e       0x39 Output/spis_pca10056 Release/Obj/nrf_log_backend_uart.o
 .ARM.attributes
                0x0000000000000097       0x39 Output/spis_pca10056 Release/Obj/nrf_log_default_backends.o
 .ARM.attributes
                0x00000000000000d0       0x39 Output/spis_pca10056 Release/Obj/nrf_log_frontend.o
 .ARM.attributes
                0x0000000000000109       0x39 Output/spis_pca10056 Release/Obj/nrf_log_str_formatter.o
 .ARM.attributes
                0x0000000000000142       0x39 Output/spis_pca10056 Release/Obj/boards.o
 .ARM.attributes
                0x000000000000017b       0x39 Output/spis_pca10056 Release/Obj/app_error.o
 .ARM.attributes
                0x00000000000001b4       0x39 Output/spis_pca10056 Release/Obj/app_error_weak.o
 .ARM.attributes
                0x00000000000001ed       0x39 Output/spis_pca10056 Release/Obj/app_timer.o
 .ARM.attributes
                0x0000000000000226       0x39 Output/spis_pca10056 Release/Obj/app_util_platform.o
 .ARM.attributes
                0x000000000000025f       0x39 Output/spis_pca10056 Release/Obj/nrf_atomic.o
 .ARM.attributes
                0x0000000000000298       0x39 Output/spis_pca10056 Release/Obj/nrf_balloc.o
 .ARM.attributes
                0x00000000000002d1       0x39 Output/spis_pca10056 Release/Obj/nrf_fprintf.o
 .ARM.attributes
                0x000000000000030a       0x39 Output/spis_pca10056 Release/Obj/nrf_fprintf_format.o
 .ARM.attributes
                0x0000000000000343       0x39 Output/spis_pca10056 Release/Obj/nrf_memobj.o
 .ARM.attributes
                0x000000000000037c       0x39 Output/spis_pca10056 Release/Obj/nrf_ringbuf.o
 .ARM.attributes
                0x00000000000003b5       0x39 Output/spis_pca10056 Release/Obj/nrf_drv_spis.o
 .ARM.attributes
                0x00000000000003ee       0x39 Output/spis_pca10056 Release/Obj/nrf_drv_uart.o
 .ARM.attributes
                0x0000000000000427       0x39 Output/spis_pca10056 Release/Obj/nrfx_gpiote.o
 .ARM.attributes
                0x0000000000000460       0x39 Output/spis_pca10056 Release/Obj/nrfx_prs.o
 .ARM.attributes
                0x0000000000000499       0x39 Output/spis_pca10056 Release/Obj/nrfx_spis.o
 .ARM.attributes
                0x00000000000004d2       0x39 Output/spis_pca10056 Release/Obj/nrfx_uart.o
 .ARM.attributes
                0x000000000000050b       0x39 Output/spis_pca10056 Release/Obj/nrfx_uarte.o
 .ARM.attributes
                0x0000000000000544       0x39 Output/spis_pca10056 Release/Obj/main.o
 .ARM.attributes
                0x000000000000057d       0x25 Output/spis_pca10056 Release/Obj/ses_startup_nrf52840.o
 .ARM.attributes
                0x00000000000005a2       0x25 Output/spis_pca10056 Release/Obj/ses_startup_nrf_common.o
 .ARM.attributes
                0x00000000000005c7       0x39 Output/spis_pca10056 Release/Obj/system_nrf52840.o
 .ARM.attributes
                0x0000000000000600       0x34 D:/SEGGER/lib/libc_v7em_fpv4_sp_d16_hard_t_le_eabi.a(libc2.o)
 .ARM.attributes
                0x0000000000000634       0x20 D:/SEGGER/lib/libc_v7em_fpv4_sp_d16_hard_t_le_eabi.a(libc2_asm.o)

.comment        0x0000000000000000       0x43
 .comment       0x0000000000000000       0x43 Output/spis_pca10056 Release/Obj/nrf_log_backend_serial.o
                                         0x44 (size before relaxing)
 .comment       0x0000000000000043       0x44 Output/spis_pca10056 Release/Obj/nrf_log_backend_uart.o
 .comment       0x0000000000000043       0x44 Output/spis_pca10056 Release/Obj/nrf_log_default_backends.o
 .comment       0x0000000000000043       0x44 Output/spis_pca10056 Release/Obj/nrf_log_frontend.o
 .comment       0x0000000000000043       0x44 Output/spis_pca10056 Release/Obj/nrf_log_str_formatter.o
 .comment       0x0000000000000043       0x44 Output/spis_pca10056 Release/Obj/boards.o
 .comment       0x0000000000000043       0x44 Output/spis_pca10056 Release/Obj/app_error.o
 .comment       0x0000000000000043       0x44 Output/spis_pca10056 Release/Obj/app_error_weak.o
 .comment       0x0000000000000043       0x44 Output/spis_pca10056 Release/Obj/app_timer.o
 .comment       0x0000000000000043       0x44 Output/spis_pca10056 Release/Obj/app_util_platform.o
 .comment       0x0000000000000043       0x44 Output/spis_pca10056 Release/Obj/nrf_atomic.o
 .comment       0x0000000000000043       0x44 Output/spis_pca10056 Release/Obj/nrf_balloc.o
 .comment       0x0000000000000043       0x44 Output/spis_pca10056 Release/Obj/nrf_fprintf.o
 .comment       0x0000000000000043       0x44 Output/spis_pca10056 Release/Obj/nrf_fprintf_format.o
 .comment       0x0000000000000043       0x44 Output/spis_pca10056 Release/Obj/nrf_memobj.o
 .comment       0x0000000000000043       0x44 Output/spis_pca10056 Release/Obj/nrf_ringbuf.o
 .comment       0x0000000000000043       0x44 Output/spis_pca10056 Release/Obj/nrf_drv_spis.o
 .comment       0x0000000000000043       0x44 Output/spis_pca10056 Release/Obj/nrf_drv_uart.o
 .comment       0x0000000000000043       0x44 Output/spis_pca10056 Release/Obj/nrfx_gpiote.o
 .comment       0x0000000000000043       0x44 Output/spis_pca10056 Release/Obj/nrfx_prs.o
 .comment       0x0000000000000043       0x44 Output/spis_pca10056 Release/Obj/nrfx_spis.o
 .comment       0x0000000000000043       0x44 Output/spis_pca10056 Release/Obj/nrfx_uart.o
 .comment       0x0000000000000043       0x44 Output/spis_pca10056 Release/Obj/nrfx_uarte.o
 .comment       0x0000000000000043       0x44 Output/spis_pca10056 Release/Obj/main.o
 .comment       0x0000000000000043       0x44 Output/spis_pca10056 Release/Obj/system_nrf52840.o
 .comment       0x0000000000000043       0x44 D:/SEGGER/lib/libc_v7em_fpv4_sp_d16_hard_t_le_eabi.a(libc2.o)

.debug_line     0x0000000000000000     0xfb37
 .debug_line    0x0000000000000000      0x1bb Output/spis_pca10056 Release/Obj/thumb_crt0.o
 .debug_line    0x00000000000001bb      0x6a0 Output/spis_pca10056 Release/Obj/nrf_log_backend_serial.o
 .debug_line    0x000000000000085b      0x924 Output/spis_pca10056 Release/Obj/nrf_log_backend_uart.o
 .debug_line    0x000000000000117f      0x59e Output/spis_pca10056 Release/Obj/nrf_log_default_backends.o
 .debug_line    0x000000000000171d     0x125b Output/spis_pca10056 Release/Obj/nrf_log_frontend.o
 .debug_line    0x0000000000002978      0x76c Output/spis_pca10056 Release/Obj/nrf_log_str_formatter.o
 .debug_line    0x00000000000030e4      0xa4b Output/spis_pca10056 Release/Obj/boards.o
 .debug_line    0x0000000000003b2f      0x392 Output/spis_pca10056 Release/Obj/app_error.o
 .debug_line    0x0000000000003ec1      0x6b8 Output/spis_pca10056 Release/Obj/app_error_weak.o
 .debug_line    0x0000000000004579     0x113b Output/spis_pca10056 Release/Obj/app_timer.o
 .debug_line    0x00000000000056b4      0x417 Output/spis_pca10056 Release/Obj/app_util_platform.o
 .debug_line    0x0000000000005acb      0x5e9 Output/spis_pca10056 Release/Obj/nrf_atomic.o
 .debug_line    0x00000000000060b4      0x682 Output/spis_pca10056 Release/Obj/nrf_balloc.o
 .debug_line    0x0000000000006736      0x3bd Output/spis_pca10056 Release/Obj/nrf_fprintf.o
 .debug_line    0x0000000000006af3      0x7f9 Output/spis_pca10056 Release/Obj/nrf_fprintf_format.o
 .debug_line    0x00000000000072ec      0x7aa Output/spis_pca10056 Release/Obj/nrf_memobj.o
 .debug_line    0x0000000000007a96      0x751 Output/spis_pca10056 Release/Obj/nrf_ringbuf.o
 .debug_line    0x00000000000081e7      0x588 Output/spis_pca10056 Release/Obj/nrf_drv_spis.o
 .debug_line    0x000000000000876f      0x641 Output/spis_pca10056 Release/Obj/nrf_drv_uart.o
 .debug_line    0x0000000000008db0     0x1b64 Output/spis_pca10056 Release/Obj/nrfx_gpiote.o
 .debug_line    0x000000000000a914      0x704 Output/spis_pca10056 Release/Obj/nrfx_prs.o
 .debug_line    0x000000000000b018      0xf84 Output/spis_pca10056 Release/Obj/nrfx_spis.o
 .debug_line    0x000000000000bf9c     0x1741 Output/spis_pca10056 Release/Obj/nrfx_uart.o
 .debug_line    0x000000000000d6dd     0x153b Output/spis_pca10056 Release/Obj/nrfx_uarte.o
 .debug_line    0x000000000000ec18      0x8ea Output/spis_pca10056 Release/Obj/main.o
 .debug_line    0x000000000000f502       0xa3 Output/spis_pca10056 Release/Obj/ses_startup_nrf52840.o
 .debug_line    0x000000000000f5a5       0xc4 Output/spis_pca10056 Release/Obj/ses_startup_nrf_common.o
 .debug_line    0x000000000000f669      0x4ce Output/spis_pca10056 Release/Obj/system_nrf52840.o

.debug_info     0x0000000000000000    0x240c6
 .debug_info    0x0000000000000000       0x22 Output/spis_pca10056 Release/Obj/thumb_crt0.o
 .debug_info    0x0000000000000022      0xea0 Output/spis_pca10056 Release/Obj/nrf_log_backend_serial.o
 .debug_info    0x0000000000000ec2     0x18d1 Output/spis_pca10056 Release/Obj/nrf_log_backend_uart.o
 .debug_info    0x0000000000002793      0xa1a Output/spis_pca10056 Release/Obj/nrf_log_default_backends.o
 .debug_info    0x00000000000031ad     0x29d0 Output/spis_pca10056 Release/Obj/nrf_log_frontend.o
 .debug_info    0x0000000000005b7d     0x1037 Output/spis_pca10056 Release/Obj/nrf_log_str_formatter.o
 .debug_info    0x0000000000006bb4     0x1305 Output/spis_pca10056 Release/Obj/boards.o
 .debug_info    0x0000000000007eb9      0x876 Output/spis_pca10056 Release/Obj/app_error.o
 .debug_info    0x000000000000872f      0xca7 Output/spis_pca10056 Release/Obj/app_error_weak.o
 .debug_info    0x00000000000093d6     0x226a Output/spis_pca10056 Release/Obj/app_timer.o
 .debug_info    0x000000000000b640      0xd79 Output/spis_pca10056 Release/Obj/app_util_platform.o
 .debug_info    0x000000000000c3b9      0xf1b Output/spis_pca10056 Release/Obj/nrf_atomic.o
 .debug_info    0x000000000000d2d4      0xae8 Output/spis_pca10056 Release/Obj/nrf_balloc.o
 .debug_info    0x000000000000ddbc      0x7e4 Output/spis_pca10056 Release/Obj/nrf_fprintf.o
 .debug_info    0x000000000000e5a0      0xcac Output/spis_pca10056 Release/Obj/nrf_fprintf_format.o
 .debug_info    0x000000000000f24c      0xffc Output/spis_pca10056 Release/Obj/nrf_memobj.o
 .debug_info    0x0000000000010248      0xc18 Output/spis_pca10056 Release/Obj/nrf_ringbuf.o
 .debug_info    0x0000000000010e60      0xe29 Output/spis_pca10056 Release/Obj/nrf_drv_spis.o
 .debug_info    0x0000000000011c89     0x179c Output/spis_pca10056 Release/Obj/nrf_drv_uart.o
 .debug_info    0x0000000000013425     0x3bfa Output/spis_pca10056 Release/Obj/nrfx_gpiote.o
 .debug_info    0x000000000001701f      0xe6c Output/spis_pca10056 Release/Obj/nrfx_prs.o
 .debug_info    0x0000000000017e8b     0x284f Output/spis_pca10056 Release/Obj/nrfx_spis.o
 .debug_info    0x000000000001a6da     0x37e7 Output/spis_pca10056 Release/Obj/nrfx_uart.o
 .debug_info    0x000000000001dec1     0x36bc Output/spis_pca10056 Release/Obj/nrfx_uarte.o
 .debug_info    0x000000000002157d     0x1618 Output/spis_pca10056 Release/Obj/main.o
 .debug_info    0x0000000000022b95       0x26 Output/spis_pca10056 Release/Obj/ses_startup_nrf52840.o
 .debug_info    0x0000000000022bbb       0x26 Output/spis_pca10056 Release/Obj/ses_startup_nrf_common.o
 .debug_info    0x0000000000022be1     0x14e5 Output/spis_pca10056 Release/Obj/system_nrf52840.o

.debug_abbrev   0x0000000000000000     0x5219
 .debug_abbrev  0x0000000000000000       0x12 Output/spis_pca10056 Release/Obj/thumb_crt0.o
 .debug_abbrev  0x0000000000000012      0x26b Output/spis_pca10056 Release/Obj/nrf_log_backend_serial.o
 .debug_abbrev  0x000000000000027d      0x38e Output/spis_pca10056 Release/Obj/nrf_log_backend_uart.o
 .debug_abbrev  0x000000000000060b      0x206 Output/spis_pca10056 Release/Obj/nrf_log_default_backends.o
 .debug_abbrev  0x0000000000000811      0x609 Output/spis_pca10056 Release/Obj/nrf_log_frontend.o
 .debug_abbrev  0x0000000000000e1a      0x2a7 Output/spis_pca10056 Release/Obj/nrf_log_str_formatter.o
 .debug_abbrev  0x00000000000010c1      0x3a4 Output/spis_pca10056 Release/Obj/boards.o
 .debug_abbrev  0x0000000000001465      0x1d8 Output/spis_pca10056 Release/Obj/app_error.o
 .debug_abbrev  0x000000000000163d      0x26a Output/spis_pca10056 Release/Obj/app_error_weak.o
 .debug_abbrev  0x00000000000018a7      0x575 Output/spis_pca10056 Release/Obj/app_timer.o
 .debug_abbrev  0x0000000000001e1c      0x2be Output/spis_pca10056 Release/Obj/app_util_platform.o
 .debug_abbrev  0x00000000000020da      0x263 Output/spis_pca10056 Release/Obj/nrf_atomic.o
 .debug_abbrev  0x000000000000233d      0x29d Output/spis_pca10056 Release/Obj/nrf_balloc.o
 .debug_abbrev  0x00000000000025da      0x1de Output/spis_pca10056 Release/Obj/nrf_fprintf.o
 .debug_abbrev  0x00000000000027b8      0x337 Output/spis_pca10056 Release/Obj/nrf_fprintf_format.o
 .debug_abbrev  0x0000000000002aef      0x281 Output/spis_pca10056 Release/Obj/nrf_memobj.o
 .debug_abbrev  0x0000000000002d70      0x1e7 Output/spis_pca10056 Release/Obj/nrf_ringbuf.o
 .debug_abbrev  0x0000000000002f57      0x239 Output/spis_pca10056 Release/Obj/nrf_drv_spis.o
 .debug_abbrev  0x0000000000003190      0x274 Output/spis_pca10056 Release/Obj/nrf_drv_uart.o
 .debug_abbrev  0x0000000000003404      0x5f0 Output/spis_pca10056 Release/Obj/nrfx_gpiote.o
 .debug_abbrev  0x00000000000039f4      0x2f0 Output/spis_pca10056 Release/Obj/nrfx_prs.o
 .debug_abbrev  0x0000000000003ce4      0x4b3 Output/spis_pca10056 Release/Obj/nrfx_spis.o
 .debug_abbrev  0x0000000000004197      0x5ae Output/spis_pca10056 Release/Obj/nrfx_uart.o
 .debug_abbrev  0x0000000000004745      0x55b Output/spis_pca10056 Release/Obj/nrfx_uarte.o
 .debug_abbrev  0x0000000000004ca0      0x2ea Output/spis_pca10056 Release/Obj/main.o
 .debug_abbrev  0x0000000000004f8a       0x14 Output/spis_pca10056 Release/Obj/ses_startup_nrf52840.o
 .debug_abbrev  0x0000000000004f9e       0x14 Output/spis_pca10056 Release/Obj/ses_startup_nrf_common.o
 .debug_abbrev  0x0000000000004fb2      0x267 Output/spis_pca10056 Release/Obj/system_nrf52840.o

.debug_aranges  0x0000000000000000      0x918
 .debug_aranges
                0x0000000000000000       0x80 Output/spis_pca10056 Release/Obj/thumb_crt0.o
 .debug_aranges
                0x0000000000000080       0x20 Output/spis_pca10056 Release/Obj/nrf_log_backend_serial.o
 .debug_aranges
                0x00000000000000a0       0x50 Output/spis_pca10056 Release/Obj/nrf_log_backend_uart.o
 .debug_aranges
                0x00000000000000f0       0x20 Output/spis_pca10056 Release/Obj/nrf_log_default_backends.o
 .debug_aranges
                0x0000000000000110       0xd0 Output/spis_pca10056 Release/Obj/nrf_log_frontend.o
 .debug_aranges
                0x00000000000001e0       0x40 Output/spis_pca10056 Release/Obj/nrf_log_str_formatter.o
 .debug_aranges
                0x0000000000000220       0x78 Output/spis_pca10056 Release/Obj/boards.o
 .debug_aranges
                0x0000000000000298       0x28 Output/spis_pca10056 Release/Obj/app_error.o
 .debug_aranges
                0x00000000000002c0       0x20 Output/spis_pca10056 Release/Obj/app_error_weak.o
 .debug_aranges
                0x00000000000002e0       0x90 Output/spis_pca10056 Release/Obj/app_timer.o
 .debug_aranges
                0x0000000000000370       0x48 Output/spis_pca10056 Release/Obj/app_util_platform.o
 .debug_aranges
                0x00000000000003b8       0xb0 Output/spis_pca10056 Release/Obj/nrf_atomic.o
 .debug_aranges
                0x0000000000000468       0x30 Output/spis_pca10056 Release/Obj/nrf_balloc.o
 .debug_aranges
                0x0000000000000498       0x28 Output/spis_pca10056 Release/Obj/nrf_fprintf.o
 .debug_aranges
                0x00000000000004c0       0x30 Output/spis_pca10056 Release/Obj/nrf_fprintf_format.o
 .debug_aranges
                0x00000000000004f0       0x58 Output/spis_pca10056 Release/Obj/nrf_memobj.o
 .debug_aranges
                0x0000000000000548       0x50 Output/spis_pca10056 Release/Obj/nrf_ringbuf.o
 .debug_aranges
                0x0000000000000598       0x28 Output/spis_pca10056 Release/Obj/nrf_drv_spis.o
 .debug_aranges
                0x00000000000005c0       0x30 Output/spis_pca10056 Release/Obj/nrf_drv_uart.o
 .debug_aranges
                0x00000000000005f0       0xf8 Output/spis_pca10056 Release/Obj/nrfx_gpiote.o
 .debug_aranges
                0x00000000000006e8       0x30 Output/spis_pca10056 Release/Obj/nrfx_prs.o
 .debug_aranges
                0x0000000000000718       0x40 Output/spis_pca10056 Release/Obj/nrfx_spis.o
 .debug_aranges
                0x0000000000000758       0xa8 Output/spis_pca10056 Release/Obj/nrfx_uart.o
 .debug_aranges
                0x0000000000000800       0x80 Output/spis_pca10056 Release/Obj/nrfx_uarte.o
 .debug_aranges
                0x0000000000000880       0x28 Output/spis_pca10056 Release/Obj/main.o
 .debug_aranges
                0x00000000000008a8       0x20 Output/spis_pca10056 Release/Obj/ses_startup_nrf52840.o
 .debug_aranges
                0x00000000000008c8       0x20 Output/spis_pca10056 Release/Obj/ses_startup_nrf_common.o
 .debug_aranges
                0x00000000000008e8       0x30 Output/spis_pca10056 Release/Obj/system_nrf52840.o

.debug_str      0x0000000000000000    0x89929
 .debug_str     0x0000000000000000       0x97 Output/spis_pca10056 Release/Obj/thumb_crt0.o
 .debug_str     0x0000000000000097    0x7bcad Output/spis_pca10056 Release/Obj/nrf_log_backend_serial.o
                                      0x7cebf (size before relaxing)
 .debug_str     0x000000000007bd44     0x4103 Output/spis_pca10056 Release/Obj/nrf_log_backend_uart.o
                                      0x80a6a (size before relaxing)
 .debug_str     0x000000000007fe47      0x148 Output/spis_pca10056 Release/Obj/nrf_log_default_backends.o
                                      0x7cc7b (size before relaxing)
 .debug_str     0x000000000007ff8f     0x1392 Output/spis_pca10056 Release/Obj/nrf_log_frontend.o
                                      0x7e121 (size before relaxing)
 .debug_str     0x0000000000081321      0x2ea Output/spis_pca10056 Release/Obj/nrf_log_str_formatter.o
                                      0x7cff6 (size before relaxing)
 .debug_str     0x000000000008160b     0x17c1 Output/spis_pca10056 Release/Obj/boards.o
                                      0x7d65f (size before relaxing)
 .debug_str     0x0000000000082dcc      0x120 Output/spis_pca10056 Release/Obj/app_error.o
                                      0x6ecba (size before relaxing)
 .debug_str     0x0000000000082eec      0x105 Output/spis_pca10056 Release/Obj/app_error_weak.o
                                      0x7d344 (size before relaxing)
 .debug_str     0x0000000000082ff1      0xe72 Output/spis_pca10056 Release/Obj/app_timer.o
                                      0x7d40d (size before relaxing)
 .debug_str     0x0000000000083e63      0x1df Output/spis_pca10056 Release/Obj/app_util_platform.o
                                      0x6f4f1 (size before relaxing)
 .debug_str     0x0000000000084042      0x6e5 Output/spis_pca10056 Release/Obj/nrf_atomic.o
                                      0x7936b (size before relaxing)
 .debug_str     0x0000000000084727      0x190 Output/spis_pca10056 Release/Obj/nrf_balloc.o
                                      0x7cca0 (size before relaxing)
 .debug_str     0x00000000000848b7      0x12e Output/spis_pca10056 Release/Obj/nrf_fprintf.o
                                      0x78f05 (size before relaxing)
 .debug_str     0x00000000000849e5      0x149 Output/spis_pca10056 Release/Obj/nrf_fprintf_format.o
                                      0x78ffa (size before relaxing)
 .debug_str     0x0000000000084b2e      0x1d1 Output/spis_pca10056 Release/Obj/nrf_memobj.o
                                      0x7b036 (size before relaxing)
 .debug_str     0x0000000000084cff      0x108 Output/spis_pca10056 Release/Obj/nrf_ringbuf.o
                                      0x7975c (size before relaxing)
 .debug_str     0x0000000000084e07      0x88e Output/spis_pca10056 Release/Obj/nrf_drv_spis.o
                                      0x7ca7a (size before relaxing)
 .debug_str     0x0000000000085695      0x488 Output/spis_pca10056 Release/Obj/nrf_drv_uart.o
                                      0x7d2c7 (size before relaxing)
 .debug_str     0x0000000000085b1d     0x1c0d Output/spis_pca10056 Release/Obj/nrfx_gpiote.o
                                      0x8108c (size before relaxing)
 .debug_str     0x000000000008772a      0x372 Output/spis_pca10056 Release/Obj/nrfx_prs.o
                                      0x7f4ed (size before relaxing)
 .debug_str     0x0000000000087a9c      0x79d Output/spis_pca10056 Release/Obj/nrfx_spis.o
                                      0x805c8 (size before relaxing)
 .debug_str     0x0000000000088239      0x68c Output/spis_pca10056 Release/Obj/nrfx_uart.o
                                      0x806e5 (size before relaxing)
 .debug_str     0x00000000000888c5      0x8d5 Output/spis_pca10056 Release/Obj/nrfx_uarte.o
                                      0x80ae3 (size before relaxing)
 .debug_str     0x000000000008919a      0x1e0 Output/spis_pca10056 Release/Obj/main.o
                                      0x821c9 (size before relaxing)
 .debug_str     0x000000000008937a       0x66 Output/spis_pca10056 Release/Obj/ses_startup_nrf52840.o
                                         0xdf (size before relaxing)
 .debug_str     0x00000000000893e0       0x68 Output/spis_pca10056 Release/Obj/ses_startup_nrf_common.o
                                         0xe1 (size before relaxing)
 .debug_str     0x0000000000089448      0x4e1 Output/spis_pca10056 Release/Obj/system_nrf52840.o
                                      0x6d7c0 (size before relaxing)

.debug_ranges   0x0000000000000000     0x2278
 .debug_ranges  0x0000000000000000       0x78 Output/spis_pca10056 Release/Obj/thumb_crt0.o
 .debug_ranges  0x0000000000000078       0x28 Output/spis_pca10056 Release/Obj/nrf_log_backend_serial.o
 .debug_ranges  0x00000000000000a0       0x80 Output/spis_pca10056 Release/Obj/nrf_log_backend_uart.o
 .debug_ranges  0x0000000000000120       0x10 Output/spis_pca10056 Release/Obj/nrf_log_default_backends.o
 .debug_ranges  0x0000000000000130      0x308 Output/spis_pca10056 Release/Obj/nrf_log_frontend.o
 .debug_ranges  0x0000000000000438       0x68 Output/spis_pca10056 Release/Obj/nrf_log_str_formatter.o
 .debug_ranges  0x00000000000004a0      0x2c8 Output/spis_pca10056 Release/Obj/boards.o
 .debug_ranges  0x0000000000000768       0x18 Output/spis_pca10056 Release/Obj/app_error.o
 .debug_ranges  0x0000000000000780       0x28 Output/spis_pca10056 Release/Obj/app_error_weak.o
 .debug_ranges  0x00000000000007a8      0x450 Output/spis_pca10056 Release/Obj/app_timer.o
 .debug_ranges  0x0000000000000bf8       0x38 Output/spis_pca10056 Release/Obj/app_util_platform.o
 .debug_ranges  0x0000000000000c30       0xb8 Output/spis_pca10056 Release/Obj/nrf_atomic.o
 .debug_ranges  0x0000000000000ce8       0x20 Output/spis_pca10056 Release/Obj/nrf_balloc.o
 .debug_ranges  0x0000000000000d08       0x18 Output/spis_pca10056 Release/Obj/nrf_fprintf.o
 .debug_ranges  0x0000000000000d20       0x60 Output/spis_pca10056 Release/Obj/nrf_fprintf_format.o
 .debug_ranges  0x0000000000000d80       0x48 Output/spis_pca10056 Release/Obj/nrf_memobj.o
 .debug_ranges  0x0000000000000dc8       0x40 Output/spis_pca10056 Release/Obj/nrf_ringbuf.o
 .debug_ranges  0x0000000000000e08       0x18 Output/spis_pca10056 Release/Obj/nrf_drv_spis.o
 .debug_ranges  0x0000000000000e20       0x20 Output/spis_pca10056 Release/Obj/nrf_drv_uart.o
 .debug_ranges  0x0000000000000e40      0x880 Output/spis_pca10056 Release/Obj/nrfx_gpiote.o
 .debug_ranges  0x00000000000016c0       0x40 Output/spis_pca10056 Release/Obj/nrfx_prs.o
 .debug_ranges  0x0000000000001700      0x270 Output/spis_pca10056 Release/Obj/nrfx_spis.o
 .debug_ranges  0x0000000000001970      0x480 Output/spis_pca10056 Release/Obj/nrfx_uart.o
 .debug_ranges  0x0000000000001df0      0x400 Output/spis_pca10056 Release/Obj/nrfx_uarte.o
 .debug_ranges  0x00000000000021f0       0x68 Output/spis_pca10056 Release/Obj/main.o
 .debug_ranges  0x0000000000002258       0x20 Output/spis_pca10056 Release/Obj/system_nrf52840.o

.debug_frame    0x0000000000000000     0x1754
 .debug_frame   0x0000000000000000       0x48 Output/spis_pca10056 Release/Obj/nrf_log_backend_serial.o
 .debug_frame   0x0000000000000048       0xdc Output/spis_pca10056 Release/Obj/nrf_log_backend_uart.o
 .debug_frame   0x0000000000000124       0x2c Output/spis_pca10056 Release/Obj/nrf_log_default_backends.o
 .debug_frame   0x0000000000000150      0x300 Output/spis_pca10056 Release/Obj/nrf_log_frontend.o